Component: ARM Compiler 5.06 update 2 (build 183) Tool: armlink [4d35b7]

==============================================================================

Section Cross References

    startup_stm32f427xx.o(RESET) refers to startup_stm32f427xx.o(STACK) for __initial_sp
    startup_stm32f427xx.o(RESET) refers to startup_stm32f427xx.o(.text) for Reset_Handler
    startup_stm32f427xx.o(RESET) refers to stm32f4xx_it.o(i.NMI_Handler) for NMI_Handler
    startup_stm32f427xx.o(RESET) refers to stm32f4xx_it.o(i.HardFault_Handler) for HardFault_Handler
    startup_stm32f427xx.o(RESET) refers to stm32f4xx_it.o(i.MemManage_Handler) for MemManage_Handler
    startup_stm32f427xx.o(RESET) refers to stm32f4xx_it.o(i.BusFault_Handler) for BusFault_Handler
    startup_stm32f427xx.o(RESET) refers to stm32f4xx_it.o(i.UsageFault_Handler) for UsageFault_Handler
    startup_stm32f427xx.o(RESET) refers to port.o(.emb_text) for SVC_Handler
    startup_stm32f427xx.o(RESET) refers to stm32f4xx_it.o(i.DebugMon_Handler) for DebugMon_Handler
    startup_stm32f427xx.o(RESET) refers to freertos_middleware.o(i.SysTick_Handler) for SysTick_Handler
    startup_stm32f427xx.o(RESET) refers to uart_vofa.o(i.DMA1_Stream6_IRQHandler) for DMA1_Stream6_IRQHandler
    startup_stm32f427xx.o(RESET) refers to can_rec.o(i.CAN1_RX0_IRQHandler) for CAN1_RX0_IRQHandler
    startup_stm32f427xx.o(RESET) refers to ins_task.o(i.EXTI9_5_IRQHandler) for EXTI9_5_IRQHandler
    startup_stm32f427xx.o(RESET) refers to freertos_middleware.o(i.TIM3_IRQHandler) for TIM3_IRQHandler
    startup_stm32f427xx.o(RESET) refers to remote_control.o(i.USART1_IRQHandler) for USART1_IRQHandler
    startup_stm32f427xx.o(RESET) refers to judge_behaviour.o(i.USART3_IRQHandler) for USART3_IRQHandler
    startup_stm32f427xx.o(RESET) refers to can_rec.o(i.CAN2_RX1_IRQHandler) for CAN2_RX1_IRQHandler
    startup_stm32f427xx.o(RESET) refers to ins_task.o(i.DMA2_Stream5_IRQHandler) for DMA2_Stream5_IRQHandler
    startup_stm32f427xx.o(RESET) refers to usart6_vision.o(i.USART6_IRQHandler) for USART6_IRQHandler
    startup_stm32f427xx.o(.text) refers to system_stm32f4xx.o(i.SystemInit) for SystemInit
    startup_stm32f427xx.o(.text) refers to entry.o(.ARM.Collect$$$$00000000) for __main
    system_stm32f4xx.o(i.SystemCoreClockUpdate) refers to system_stm32f4xx.o(.data) for SystemCoreClock
    system_stm32f4xx.o(i.SystemInit) refers to system_stm32f4xx.o(i.SetSysClock) for SetSysClock
    stm32f4xx_adc.o(i.ADC_DeInit) refers to stm32f4xx_rcc.o(i.RCC_APB2PeriphResetCmd) for RCC_APB2PeriphResetCmd
    stm32f4xx_can.o(i.CAN_DeInit) refers to stm32f4xx_rcc.o(i.RCC_APB1PeriphResetCmd) for RCC_APB1PeriphResetCmd
    stm32f4xx_can.o(i.CAN_GetITStatus) refers to stm32f4xx_can.o(i.CheckITStatus) for CheckITStatus
    stm32f4xx_cryp.o(i.CRYP_DeInit) refers to stm32f4xx_rcc.o(i.RCC_AHB2PeriphResetCmd) for RCC_AHB2PeriphResetCmd
    stm32f4xx_cryp_aes.o(i.CRYP_AES_CBC) refers to stm32f4xx_cryp.o(i.CRYP_KeyStructInit) for CRYP_KeyStructInit
    stm32f4xx_cryp_aes.o(i.CRYP_AES_CBC) refers to stm32f4xx_cryp.o(i.CRYP_FIFOFlush) for CRYP_FIFOFlush
    stm32f4xx_cryp_aes.o(i.CRYP_AES_CBC) refers to stm32f4xx_cryp.o(i.CRYP_Init) for CRYP_Init
    stm32f4xx_cryp_aes.o(i.CRYP_AES_CBC) refers to stm32f4xx_cryp.o(i.CRYP_KeyInit) for CRYP_KeyInit
    stm32f4xx_cryp_aes.o(i.CRYP_AES_CBC) refers to stm32f4xx_cryp.o(i.CRYP_Cmd) for CRYP_Cmd
    stm32f4xx_cryp_aes.o(i.CRYP_AES_CBC) refers to stm32f4xx_cryp.o(i.CRYP_GetFlagStatus) for CRYP_GetFlagStatus
    stm32f4xx_cryp_aes.o(i.CRYP_AES_CBC) refers to stm32f4xx_cryp.o(i.CRYP_IVInit) for CRYP_IVInit
    stm32f4xx_cryp_aes.o(i.CRYP_AES_CBC) refers to stm32f4xx_cryp.o(i.CRYP_GetCmdStatus) for CRYP_GetCmdStatus
    stm32f4xx_cryp_aes.o(i.CRYP_AES_CBC) refers to stm32f4xx_cryp.o(i.CRYP_DataIn) for CRYP_DataIn
    stm32f4xx_cryp_aes.o(i.CRYP_AES_CBC) refers to stm32f4xx_cryp.o(i.CRYP_DataOut) for CRYP_DataOut
    stm32f4xx_cryp_aes.o(i.CRYP_AES_CCM) refers to stm32f4xx_cryp.o(i.CRYP_KeyStructInit) for CRYP_KeyStructInit
    stm32f4xx_cryp_aes.o(i.CRYP_AES_CCM) refers to stm32f4xx_cryp.o(i.CRYP_FIFOFlush) for CRYP_FIFOFlush
    stm32f4xx_cryp_aes.o(i.CRYP_AES_CCM) refers to stm32f4xx_cryp.o(i.CRYP_KeyInit) for CRYP_KeyInit
    stm32f4xx_cryp_aes.o(i.CRYP_AES_CCM) refers to stm32f4xx_cryp.o(i.CRYP_IVInit) for CRYP_IVInit
    stm32f4xx_cryp_aes.o(i.CRYP_AES_CCM) refers to stm32f4xx_cryp.o(i.CRYP_Init) for CRYP_Init
    stm32f4xx_cryp_aes.o(i.CRYP_AES_CCM) refers to stm32f4xx_cryp.o(i.CRYP_PhaseConfig) for CRYP_PhaseConfig
    stm32f4xx_cryp_aes.o(i.CRYP_AES_CCM) refers to stm32f4xx_cryp.o(i.CRYP_DataIn) for CRYP_DataIn
    stm32f4xx_cryp_aes.o(i.CRYP_AES_CCM) refers to stm32f4xx_cryp.o(i.CRYP_Cmd) for CRYP_Cmd
    stm32f4xx_cryp_aes.o(i.CRYP_AES_CCM) refers to stm32f4xx_cryp.o(i.CRYP_GetCmdStatus) for CRYP_GetCmdStatus
    stm32f4xx_cryp_aes.o(i.CRYP_AES_CCM) refers to stm32f4xx_cryp.o(i.CRYP_GetFlagStatus) for CRYP_GetFlagStatus
[...]
    TIM3_Init                                0x080056d5   Thumb Code   210  timer.o(i.TIM3_Init)
    TIM_ARRPreloadConfig                     0x080057b1   Thumb Code    24  stm32f4xx_tim.o(i.TIM_ARRPreloadConfig)
    TIM_ClearFlag                            0x080057c9   Thumb Code     6  stm32f4xx_tim.o(i.TIM_ClearFlag)
    TIM_Cmd                                  0x080057cf   Thumb Code    24  stm32f4xx_tim.o(i.TIM_Cmd)
    TIM_CtrlPWMOutputs                       0x080057e7   Thumb Code    30  stm32f4xx_tim.o(i.TIM_CtrlPWMOutputs)
    TIM_GetITStatus                          0x08005805   Thumb Code    34  stm32f4xx_tim.o(i.TIM_GetITStatus)
    TIM_ITConfig                             0x08005827   Thumb Code    18  stm32f4xx_tim.o(i.TIM_ITConfig)
    TIM_OC1Init                              0x08005839   Thumb Code   114  stm32f4xx_tim.o(i.TIM_OC1Init)
    TIM_OC1PreloadConfig                     0x080058b5   Thumb Code    18  stm32f4xx_tim.o(i.TIM_OC1PreloadConfig)
    TIM_OC2Init                              0x080058c9   Thumb Code   154  stm32f4xx_tim.o(i.TIM_OC2Init)
    TIM_OC2PreloadConfig                     0x0800596d   Thumb Code    26  stm32f4xx_tim.o(i.TIM_OC2PreloadConfig)
    TIM_OC4Init                              0x08005989   Thumb Code   112  stm32f4xx_tim.o(i.TIM_OC4Init)
    TIM_OC4PreloadConfig                     0x08005a01   Thumb Code    26  stm32f4xx_tim.o(i.TIM_OC4PreloadConfig)
    TIM_SetCompare1                          0x08005a1b   Thumb Code     4  stm32f4xx_tim.o(i.TIM_SetCompare1)
    TIM_SetCompare2                          0x08005a1f   Thumb Code     4  stm32f4xx_tim.o(i.TIM_SetCompare2)
    TIM_SetCompare4                          0x08005a23   Thumb Code     4  stm32f4xx_tim.o(i.TIM_SetCompare4)
    TIM_TimeBaseInit                         0x08005a29   Thumb Code   104  stm32f4xx_tim.o(i.TIM_TimeBaseInit)
    UI_SendTask                              0x08005aad   Thumb Code  1308  ui_send_task.o(i.UI_SendTask)
    USART1_IRQHandler                        0x08005fdd   Thumb Code   204  remote_control.o(i.USART1_IRQHandler)
    USART3_IRQHandler                        0x080060c1   Thumb Code    72  judge_behaviour.o(i.USART3_IRQHandler)
    USART3_Judge_Config                      0x0800611d   Thumb Code   318  usart_judge.o(i.USART3_Judge_Config)
    USART6_IRQHandler                        0x0800626d   Thumb Code   172  usart6_vision.o(i.USART6_IRQHandler)
    USART6_SendChar                          0x08006335   Thumb Code    28  usart6_vision.o(i.USART6_SendChar)
    USART6_vision_Configuration              0x08006355   Thumb Code   172  usart6_vision.o(i.USART6_vision_Configuration)
    USART_ClearFlag                          0x08006409   Thumb Code    18  stm32f4xx_usart.o(i.USART_ClearFlag)
    USART_ClearITPendingBit                  0x0800641b   Thumb Code    30  stm32f4xx_usart.o(i.USART_ClearITPendingBit)
    USART_Cmd                                0x08006439   Thumb Code    24  stm32f4xx_usart.o(i.USART_Cmd)
    USART_DMACmd                             0x08006451   Thumb Code    18  stm32f4xx_usart.o(i.USART_DMACmd)
    USART_DeInit                             0x08006465   Thumb Code   206  stm32f4xx_usart.o(i.USART_DeInit)
    USART_GetFlagStatus                      0x08006555   Thumb Code    26  stm32f4xx_usart.o(i.USART_GetFlagStatus)
    USART_GetITStatus                        0x0800656f   Thumb Code    84  stm32f4xx_usart.o(i.USART_GetITStatus)
    USART_ITConfig                           0x080065c3   Thumb Code    74  stm32f4xx_usart.o(i.USART_ITConfig)
    USART_Init                               0x0800660d   Thumb Code   204  stm32f4xx_usart.o(i.USART_Init)
    USART_ReceiveData                        0x080066e1   Thumb Code    10  stm32f4xx_usart.o(i.USART_ReceiveData)
    USART_SendData                           0x080066eb   Thumb Code     8  stm32f4xx_usart.o(i.USART_SendData)
    UsageFault_Handler                       0x080066f3   Thumb Code     4  stm32f4xx_it.o(i.UsageFault_Handler)
    UserTask                                 0x080066f9   Thumb Code   450  user_task.o(i.UserTask)
    Verify_CRC16_Check_Sum                   0x080068d9   Thumb Code    60  check_crc.o(i.Verify_CRC16_Check_Sum)
    Verify_CRC8_Check_Sum                    0x08006919   Thumb Code    46  check_crc.o(i.Verify_CRC8_Check_Sum)
    VofaTask                                 0x08006949   Thumb Code    76  vofa_task.o(i.VofaTask)
    Vofa_send_justfloat                      0x080069b1   Thumb Code    90  vofa_task.o(i.Vofa_send_justfloat)
    Vofa_tail_init                           0x08006a11   Thumb Code    30  vofa_task.o(i.Vofa_tail_init)
    __ARM_fpclassify                         0x08006a35   Thumb Code    48  fpclassify.o(i.__ARM_fpclassify)
    __ARM_fpclassifyf                        0x08006a65   Thumb Code    38  fpclassifyf.o(i.__ARM_fpclassifyf)
    __hardfp_asin                            0x08006a91   Thumb Code   770  asin.o(i.__hardfp_asin)
    __hardfp_asinf                           0x08006df1   Thumb Code   258  asinf.o(i.__hardfp_asinf)
    __hardfp_atan                            0x08006f21   Thumb Code   622  atan.o(i.__hardfp_atan)
    __hardfp_atan2                           0x080071f9   Thumb Code   432  atan2.o(i.__hardfp_atan2)
    __hardfp_atan2f                          0x080073e9   Thumb Code   502  atan2f.o(i.__hardfp_atan2f)
    __kernel_poly                            0x08007639   Thumb Code   248  poly.o(i.__kernel_poly)
    __mathlib_dbl_infnan                     0x08007731   Thumb Code    20  dunder.o(i.__mathlib_dbl_infnan)
    __mathlib_dbl_infnan2                    0x08007745   Thumb Code    20  dunder.o(i.__mathlib_dbl_infnan2)
    __mathlib_dbl_invalid                    0x08007759   Thumb Code    24  dunder.o(i.__mathlib_dbl_invalid)
    __mathlib_dbl_underflow                  0x08007779   Thumb Code    24  dunder.o(i.__mathlib_dbl_underflow)
    __mathlib_flt_infnan                     0x08007799   Thumb Code     6  funder.o(i.__mathlib_flt_infnan)
    __mathlib_flt_infnan2                    0x0800779f   Thumb Code     6  funder.o(i.__mathlib_flt_infnan2)
    __mathlib_flt_invalid                    0x080077a5   Thumb Code    10  funder.o(i.__mathlib_flt_invalid)
    __mathlib_flt_underflow                  0x080077b5   Thumb Code    10  funder.o(i.__mathlib_flt_underflow)
    __scatterload_copy                       0x080077c5   Thumb Code    14  handlers.o(i.__scatterload_copy)
    __scatterload_null                       0x080077d3   Thumb Code     2  handlers.o(i.__scatterload_null)
    __scatterload_zeroinit                   0x080077d5   Thumb Code    14  handlers.o(i.__scatterload_zeroinit)
    __set_errno                              0x080077e5   Thumb Code     6  errno.o(i.__set_errno)
    atan                                     0x08007cb9   Thumb Code    16  atan.o(i.atan)
    buzzer_init                              0x08007cc9   Thumb Code   174  buzzer.o(i.buzzer_init)
    buzzer_off                               0x08007d81   Thumb Code    12  buzzer.o(i.buzzer_off)
    buzzer_on                                0x08007d91   Thumb Code    22  buzzer.o(i.buzzer_on)
    calibrate_task                           0x08007ee9   Thumb Code   304  calibrate_task.o(i.calibrate_task)
    can_cmd_chassis                          0x08008031   Thumb Code    94  can_rec.o(i.can_cmd_chassis)
    can_cmd_gimbal                           0x08008095   Thumb Code    76  can_rec.o(i.can_cmd_gimbal)
    can_cmd_shoot                            0x080080ed   Thumb Code    68  can_rec.o(i.can_cmd_shoot)
    chassis_init                             0x08008139   Thumb Code   126  chassis_behaviour.o(i.chassis_init)
    chassis_mode_behaviour_set               0x080081d5   Thumb Code   118  chassis_behaviour.o(i.chassis_mode_behaviour_set)
    chassis_mode_conduct                     0x0800824b   Thumb Code    82  chassis_behaviour.o(i.chassis_mode_conduct)
    chassis_mode_set                         0x0800829d   Thumb Code    18  chassis_behaviour.o(i.chassis_mode_set)
    chassis_task                             0x080082b1   Thumb Code   708  chassis_task.o(i.chassis_task)
    delay_init                               0x0800858d   Thumb Code    90  delay.o(i.delay_init)
    delay_ms                                 0x080085f9   Thumb Code    76  delay.o(i.delay_ms)
    delay_us                                 0x08008649   Thumb Code    76  delay.o(i.delay_us)
    fabs                                     0x08008699   Thumb Code    24  fabs.o(i.fabs)
    flash_write_single_address               0x080086b1   Thumb Code   184  flash.o(i.flash_write_single_address)
    flow_led_off                             0x08008769   Thumb Code    20  led.o(i.flow_led_off)
    get_INS_angle_point                      0x080087b9   Thumb Code     4  ins_task.o(i.get_INS_angle_point)
    get_MPU6500_Gyro_Data_Point              0x080087c1   Thumb Code     4  ins_task.o(i.get_MPU6500_Gyro_Data_Point)
    get_angle                                0x080087c9   Thumb Code   232  ahrs.o(i.get_angle)
    get_chassismotor_measure                 0x080088b1   Thumb Code   208  can_rec.o(i.get_chassismotor_measure)
    get_gimbalmotor_measure                  0x08008989   Thumb Code   210  can_rec.o(i.get_gimbalmotor_measure)
    get_icm20602_accdata_spi                 0x08008a65   Thumb Code    78  icm20602.o(i.get_icm20602_accdata_spi)
    get_icm20602_gyro_spi                    0x08008ac1   Thumb Code    78  icm20602.o(i.get_icm20602_gyro_spi)
    get_remote_control_point                 0x08008b1d   Thumb Code     4  remote_control.o(i.get_remote_control_point)
    get_temprate                             0x08008b25   Thumb Code    84  adc.o(i.get_temprate)
    gimbal_chassis_follow_gimbal             0x08008b85   Thumb Code   114  gimbal_behaviour.o(i.gimbal_chassis_follow_gimbal)
    gimbal_cmd                               0x08008bf9   Thumb Code   224  gimbal_behaviour.o(i.gimbal_cmd)
    gimbal_init                              0x08008ced   Thumb Code   104  gimbal_behaviour.o(i.gimbal_init)
    gimbal_key_ctrl                          0x08008d85   Thumb Code    36  gimbal_behaviour.o(i.gimbal_key_ctrl)
    gimbal_mode_behaviour_set                0x08008da9   Thumb Code    88  gimbal_behaviour.o(i.gimbal_mode_behaviour_set)
    gimbal_mode_conduct                      0x08008e01   Thumb Code    72  gimbal_behaviour.o(i.gimbal_mode_conduct)
    gimbal_mode_set                          0x08008e55   Thumb Code    18  gimbal_behaviour.o(i.gimbal_mode_set)
    gimbal_task                              0x08008e69   Thumb Code    40  gimbal_task.o(i.gimbal_task)
    gimbal_zero                              0x08008e99   Thumb Code    70  gimbal_behaviour.o(i.gimbal_zero)
    gyroOffsetInit                           0x08008ee5   Thumb Code   212  icm20602.o(i.gyroOffsetInit)
    gyro_offset                              0x08008fdd   Thumb Code    98  mpu6500driver.o(i.gyro_offset)
    icm20602_cs_init                         0x08009045   Thumb Code    48  icm20602.o(i.icm20602_cs_init)
    icm20602_init_spi                        0x08009079   Thumb Code   106  icm20602.o(i.icm20602_init_spi)
    icm20602_self3_check                     0x080090e3   Thumb Code    32  icm20602.o(i.icm20602_self3_check)
    icm20602_task                            0x08009105   Thumb Code    40  icm20602_task.o(i.icm20602_task)
    icmAHRSupdate                            0x08009131   Thumb Code  1316  icm20602.o(i.icmAHRSupdate)
    icmGetValues                             0x0800965d   Thumb Code   316  icm20602.o(i.icmGetValues)
    icm_read_muli_reg                        0x08009821   Thumb Code    64  icm20602.o(i.icm_read_muli_reg)
    icm_spi_r_reg_byte                       0x08009865   Thumb Code    64  icm20602.o(i.icm_spi_r_reg_byte)
    icm_spi_w_reg_byte                       0x080098a9   Thumb Code    48  icm20602.o(i.icm_spi_w_reg_byte)
    invSqrt                                  0x080098dd   Thumb Code    56  user_lib.o(i.invSqrt)
    ist8310_GPIO_init                        0x08009919   Thumb Code    84  ist8310driver_middleware.o(i.ist8310_GPIO_init)
    ist8310_IIC_read_single_reg              0x08009971   Thumb Code    40  ist8310driver_middleware.o(i.ist8310_IIC_read_single_reg)
    ist8310_IIC_write_single_reg             0x0800999d   Thumb Code    32  ist8310driver_middleware.o(i.ist8310_IIC_write_single_reg)
    ist8310_RST_H                            0x080099c1   Thumb Code    12  ist8310driver_middleware.o(i.ist8310_RST_H)
    ist8310_RST_L                            0x080099d1   Thumb Code    12  ist8310driver_middleware.o(i.ist8310_RST_L)
    ist8310_auto_com_by_mpu6500              0x080099e1   Thumb Code    20  ist8310driver_middleware.o(i.ist8310_auto_com_by_mpu6500)
    ist8310_com_init                         0x080099f9   Thumb Code     2  ist8310driver_middleware.o(i.ist8310_com_init)
    ist8310_delay_ms                         0x080099fb   Thumb Code    12  ist8310driver_middleware.o(i.ist8310_delay_ms)
    ist8310_delay_us                         0x08009a07   Thumb Code    12  ist8310driver_middleware.o(i.ist8310_delay_us)
    ist8310_init                             0x08009a15   Thumb Code   140  ist8310driver.o(i.ist8310_init)
    ist8310_read_over                        0x08009aa5   Thumb Code   126  ist8310driver.o(i.ist8310_read_over)
    key_calc                                 0x08009b29   Thumb Code   132  gimbal_behaviour.o(i.key_calc)
    key_ctrl_shoot                           0x08009bb5   Thumb Code    76  shoot_behaviour.o(i.key_ctrl_shoot)
    key_judge_aim                            0x08009c05   Thumb Code   142  shoot_behaviour.o(i.key_judge_aim)
    laser_configuration                      0x08009ca1   Thumb Code    54  laser.o(i.laser_configuration)
    laser_off                                0x08009cdd   Thumb Code    14  laser.o(i.laser_off)
    laser_on                                 0x08009cf1   Thumb Code    14  laser.o(i.laser_on)
    led_configuration                        0x08009d05   Thumb Code    94  led.o(i.led_configuration)
    led_green_off                            0x08009d71   Thumb Code    14  led.o(i.led_green_off)
    led_red_off                              0x08009d85   Thumb Code    14  led.o(i.led_red_off)
    main                                     0x08009d99   Thumb Code    36  main.o(i.main)
    make_num                                 0x08009dbd   Thumb Code   206  ui_behaviour.o(i.make_num)
    make_word                                0x08009e91   Thumb Code   230  ui_behaviour.o(i.make_word)
    mpu6500_GPIO_init                        0x08009f7d   Thumb Code    48  mpu6500driver_middleware.o(i.mpu6500_GPIO_init)
    mpu6500_SPI_NS_H                         0x08009fb1   Thumb Code    12  mpu6500driver_middleware.o(i.mpu6500_SPI_NS_H)
    mpu6500_SPI_NS_L                         0x08009fc1   Thumb Code    12  mpu6500driver_middleware.o(i.mpu6500_SPI_NS_L)
    mpu6500_com_init                         0x0800a025   Thumb Code     8  mpu6500driver_middleware.o(i.mpu6500_com_init)
    mpu6500_init                             0x0800a02d   Thumb Code   192  mpu6500driver.o(i.mpu6500_init)
    mpu6500_middleware_delay_ms              0x0800a0f1   Thumb Code    12  mpu6500driver_middleware.o(i.mpu6500_middleware_delay_ms)
    mpu6500_middleware_delay_us              0x0800a0fd   Thumb Code    12  mpu6500driver_middleware.o(i.mpu6500_middleware_delay_us)
    mpu6500_read_over                        0x0800a109   Thumb Code   304  mpu6500driver.o(i.mpu6500_read_over)
    mpu6500_read_single_reg                  0x0800a249   Thumb Code    32  mpu6500driver_middleware.o(i.mpu6500_read_single_reg)
    mpu6500_write_muli_reg                   0x0800a269   Thumb Code    52  mpu6500driver_middleware.o(i.mpu6500_write_muli_reg)
    mpu6500_write_single_reg                 0x0800a29d   Thumb Code    28  mpu6500driver_middleware.o(i.mpu6500_write_single_reg)
    pcTaskGetName                            0x0800a2b9   Thumb Code    44  tasks.o(i.pcTaskGetName)
    pm01_cmd_send                            0x0800a2e9   Thumb Code    74  can_rec.o(i.pm01_cmd_send)
    pm01_current_set                         0x0800a339   Thumb Code    74  can_rec.o(i.pm01_current_set)
    pm01_power_set                           0x0800a389   Thumb Code    74  can_rec.o(i.pm01_power_set)
    pm01_read                                0x0800a3d9   Thumb Code    38  can_rec.o(i.pm01_read)
    pm01_voltage_set                         0x0800a405   Thumb Code    74  can_rec.o(i.pm01_voltage_set)
    power_ctrl_configuration                 0x0800a455   Thumb Code    66  power_ctrl.o(i.power_ctrl_configuration)
    power_ctrl_on                            0x0800a49d   Thumb Code    26  power_ctrl.o(i.power_ctrl_on)
    pvPortMalloc                             0x0800afa1   Thumb Code   296  heap_4.o(i.pvPortMalloc)
    pvTaskIncrementMutexHeldCount            0x0800b0dd   Thumb Code    26  tasks.o(i.pvTaskIncrementMutexHeldCount)
    pxPortInitialiseStack                    0x0800b0fd   Thumb Code    38  port.o(i.pxPortInitialiseStack)
    rc_choose_task                           0x0800b1ad   Thumb Code    34  rc_task.o(i.rc_choose_task)
    rc_judge_aim                             0x0800b1d9   Thumb Code    90  shoot_behaviour.o(i.rc_judge_aim)
    referee_data_pack_handle                 0x0800b23d   Thumb Code   158  ui_behaviour.o(i.referee_data_pack_handle)
    remote_control_init                      0x0800b2e5   Thumb Code    16  remote_control.o(i.remote_control_init)
    shoot_conduct                            0x0800b2f9   Thumb Code   436  shoot_behaviour.o(i.shoot_conduct)
    shoot_init                               0x0800b4b9   Thumb Code   124  shoot_behaviour.o(i.shoot_init)
    shoot_judge                              0x0800b561   Thumb Code    74  shoot_behaviour.o(i.shoot_judge)
    shoot_key_ctrl                           0x0800b5c1   Thumb Code    48  shoot_behaviour.o(i.shoot_key_ctrl)
    shoot_mode_conduct                       0x0800b5f1   Thumb Code    64  shoot_behaviour.o(i.shoot_mode_conduct)
    shoot_mode_set                           0x0800b631   Thumb Code    68  shoot_behaviour.o(i.shoot_mode_set)
    shoot_rc_ctrl                            0x0800b675   Thumb Code   174  shoot_behaviour.o(i.shoot_rc_ctrl)
    shoot_task                               0x0800b731   Thumb Code    38  shoot_task.o(i.shoot_task)
    shoot_zreo                               0x0800b75d   Thumb Code    64  shoot_behaviour.o(i.shoot_zreo)
    sqrt                                     0x0800b7a5   Thumb Code   110  sqrt_full.o(i.sqrt)
    sqrtf                                    0x0800b813   Thumb Code    62  sqrtf_full.o(i.sqrtf)
    startTast                                0x0800b851   Thumb Code    24  start_task.o(i.startTast)
    start_task                               0x0800b87d   Thumb Code   240  start_task.o(i.start_task)
    switch_frictiongear_mode                 0x0800ba45   Thumb Code    60  shoot_behaviour.o(i.switch_frictiongear_mode)
    switch_mag_mode                          0x0800ba85   Thumb Code    68  shoot_behaviour.o(i.switch_mag_mode)
    switch_shoot_by_gimbal                   0x0800bacd   Thumb Code    50  shoot_behaviour.o(i.switch_shoot_by_gimbal)
    temperature_ADC_init                     0x0800bb31   Thumb Code    80  adc.o(i.temperature_ADC_init)
    ulTaskNotifyTake                         0x0800bb85   Thumb Code   108  tasks.o(i.ulTaskNotifyTake)
    uxListRemove                             0x0800bc73   Thumb Code    40  list.o(i.uxListRemove)
    uxTaskGetStackHighWaterMark              0x0800bc9d   Thumb Code    34  tasks.o(i.uxTaskGetStackHighWaterMark)
    vListInitialise                          0x0800bcc5   Thumb Code    26  list.o(i.vListInitialise)
    vListInitialiseItem                      0x0800bcdf   Thumb Code     6  list.o(i.vListInitialiseItem)
    vListInsert                              0x0800bce5   Thumb Code    52  list.o(i.vListInsert)
    vListInsertEnd                           0x0800bd19   Thumb Code    24  list.o(i.vListInsertEnd)
    vPortEnterCritical                       0x0800bd31   Thumb Code    76  port.o(i.vPortEnterCritical)
    vPortExitCritical                        0x0800bd85   Thumb Code    56  port.o(i.vPortExitCritical)
    vPortFree                                0x0800bdc1   Thumb Code   140  heap_4.o(i.vPortFree)
    vPortSetupTimerInterrupt                 0x0800be55   Thumb Code     2  freertos_middleware.o(i.vPortSetupTimerInterrupt)
    vPortValidateInterruptPriority           0x0800be59   Thumb Code   106  port.o(i.vPortValidateInterruptPriority)
    vQueueAddToRegistry                      0x0800bed1   Thumb Code    38  queue.o(i.vQueueAddToRegistry)
    vQueueWaitForMessageRestricted           0x0800befd   Thumb Code    74  queue.o(i.vQueueWaitForMessageRestricted)
    vTaskDelay                               0x0800bf49   Thumb Code    82  tasks.o(i.vTaskDelay)
    vTaskDelete                              0x0800bfa5   Thumb Code   202  tasks.o(i.vTaskDelete)
    vTaskMissedYield                         0x0800c099   Thumb Code     8  tasks.o(i.vTaskMissedYield)
    vTaskNotifyGiveFromISR                   0x0800c0a5   Thumb Code   216  tasks.o(i.vTaskNotifyGiveFromISR)
    vTaskPlaceOnEventList                    0x0800c195   Thumb Code    52  tasks.o(i.vTaskPlaceOnEventList)
    vTaskPlaceOnEventListRestricted          0x0800c1cd   Thumb Code    60  tasks.o(i.vTaskPlaceOnEventListRestricted)
    vTaskPriorityInherit                     0x0800c20d   Thumb Code   164  tasks.o(i.vTaskPriorityInherit)
    vTaskSetTimeOutState                     0x0800c2bd   Thumb Code    38  tasks.o(i.vTaskSetTimeOutState)
    vTaskStartScheduler                      0x0800c2ed   Thumb Code   118  tasks.o(i.vTaskStartScheduler)
    vTaskSuspendAll                          0x0800c381   Thumb Code    12  tasks.o(i.vTaskSuspendAll)
    vTaskSwitchContext                       0x0800c391   Thumb Code   118  tasks.o(i.vTaskSwitchContext)
    vision_send                              0x0800c41d   Thumb Code   192  usart6_vision.o(i.vision_send)
    vision_updata                            0x0800c4e9   Thumb Code   368  vision_behaviour.o(i.vision_updata)
    xPortStartScheduler                      0x0800c681   Thumb Code   288  port.o(i.xPortStartScheduler)
    xPortSysTickHandler                      0x0800c7bd   Thumb Code    46  port.o(i.xPortSysTickHandler)
    xQueueGenericCreate                      0x0800c7f1   Thumb Code    88  queue.o(i.xQueueGenericCreate)
    xQueueGenericReceive                     0x0800c849   Thumb Code   446  queue.o(i.xQueueGenericReceive)
    xQueueGenericReset                       0x0800ca0d   Thumb Code   146  queue.o(i.xQueueGenericReset)
    xQueueGenericSend                        0x0800caa5   Thumb Code   452  queue.o(i.xQueueGenericSend)
    xQueueGenericSendFromISR                 0x0800cc6d   Thumb Code   264  queue.o(i.xQueueGenericSendFromISR)
    xTaskCheckForTimeOut                     0x0800cd75   Thumb Code   132  tasks.o(i.xTaskCheckForTimeOut)
    xTaskCreate                              0x0800ce01   Thumb Code    96  tasks.o(i.xTaskCreate)
    xTaskGetHandle                           0x0800ce61   Thumb Code   142  tasks.o(i.xTaskGetHandle)
    xTaskGetSchedulerState                   0x0800cf05   Thumb Code    24  tasks.o(i.xTaskGetSchedulerState)
    xTaskGetTickCount                        0x0800cf25   Thumb Code     6  tasks.o(i.xTaskGetTickCount)
    xTaskIncrementTick                       0x0800cf31   Thumb Code   282  tasks.o(i.xTaskIncrementTick)
    xTaskPriorityDisinherit                  0x0800d079   Thumb Code   188  tasks.o(i.xTaskPriorityDisinherit)
    xTaskRemoveFromEventList                 0x0800d141   Thumb Code   128  tasks.o(i.xTaskRemoveFromEventList)
    xTaskResumeAll                           0x0800d1d9   Thumb Code   224  tasks.o(i.xTaskResumeAll)
    xTimerCreateTimerTask                    0x0800d2dd   Thumb Code    64  timers.o(i.xTimerCreateTimerTask)
    xTimerGenericCommand                     0x0800d331   Thumb Code   126  timers.o(i.xTimerGenericCommand)
    CRC8_INIT                                0x0800d3ea   Data           1  check_crc.o(.constdata)
    CRC8_TAB                                 0x0800d3eb   Data         256  check_crc.o(.constdata)
    wCRC_Table                               0x0800d4ec   Data         512  check_crc.o(.constdata)
    sinTable_f32                             0x0800d72c   Data        2052  arm_common_tables.o(.constdata)
    __mathlib_zero                           0x0800e018   Data           8  qnan.o(.constdata)
    Region$$Table$$Base                      0x0800e020   Number         0  anon$$obj.o(Region$$Table)
    Region$$Table$$Limit                     0x0800e040   Number         0  anon$$obj.o(Region$$Table)
    SystemCoreClock                          0x20000000   Data           4  system_stm32f4xx.o(.data)
    AHBPrescTable                            0x20000004   Data          16  system_stm32f4xx.o(.data)
    pxCurrentTCB                             0x20000024   Data           4  tasks.o(.data)
    FreeRTOSRunTimeTicks                     0x20000098   Data           8  freertos_middleware.o(.data)
    icm_gyro_x                               0x200000b0   Data           2  icm20602.o(.data)
    icm_gyro_y                               0x200000b2   Data           2  icm20602.o(.data)
    icm_gyro_z                               0x200000b4   Data           2  icm20602.o(.data)
    icm_acc_x                                0x200000b6   Data           2  icm20602.o(.data)
    icm_acc_y                                0x200000b8   Data           2  icm20602.o(.data)
    icm_acc_z                                0x200000ba   Data           2  icm20602.o(.data)
    I_ex                                     0x200000bc   Data           4  icm20602.o(.data)
    I_ey                                     0x200000c0   Data           4  icm20602.o(.data)
    I_ez                                     0x200000c4   Data           4  icm20602.o(.data)
    Q_info                                   0x200000c8   Data          16  icm20602.o(.data)
    icm_kp                                   0x200000d8   Data           4  icm20602.o(.data)
    icm_ki                                   0x200000dc   Data           4  icm20602.o(.data)
    USART6_RX_STA                            0x200000e0   Data           2  usart6_vision.o(.data)
    USART6_TX_BUF                            0x200000e2   Data           1  usart6_vision.o(.data)
    rrr                                      0x200000e3   Data           1  usart6_vision.o(.data)
    ishead6_f                                0x200000e4   Data           1  usart6_vision.o(.data)
    sta6                                     0x200000e5   Data           1  usart6_vision.o(.data)
    LEN6                                     0x200000e8   Data           4  usart6_vision.o(.data)
    pm01_access_id                           0x200000ec   Data           2  can_rec.o(.data)
    pm01_response_flg                        0x200000ee   Data           2  can_rec.o(.data)
    g_cmd_set                                0x200000f0   Data           2  can_rec.o(.data)
    g_power_set                              0x200000f2   Data           2  can_rec.o(.data)
    g_vout_set                               0x200000f4   Data           2  can_rec.o(.data)
    g_iout_set                               0x200000f6   Data           2  can_rec.o(.data)
    Chassis_Str                              0x200000fc   Data           4  chassis_behaviour.o(.data)
    GRYO_CHASSIS_SPEED                       0x20000100   Data           4  chassis_behaviour.o(.data)
    Chassis_Pid_                             0x20000104   Data          20  chassis_behaviour.o(.data)
    Chassis_Follow_Gimbal_Angle              0x20000118   Data          20  chassis_behaviour.o(.data)
    Chassis_Follow_Gimbal_Speed              0x2000012c   Data          20  chassis_behaviour.o(.data)
    Gimbal_Str                               0x2000014c   Data           4  gimbal_behaviour.o(.data)
    RecordStructure                          0x20000150   Data           4  gimbal_behaviour.o(.data)
    yaw_debug_pid_speed                      0x20000154   Data           4  gimbal_behaviour.o(.data)
    YAW_SPEED                                0x20000158   Data          20  gimbal_behaviour.o(.data)
    YAW_ANGLE                                0x2000016c   Data          20  gimbal_behaviour.o(.data)
    PITCH_SPEED                              0x20000180   Data          20  gimbal_behaviour.o(.data)
    PITCH_ANGLE                              0x20000194   Data          20  gimbal_behaviour.o(.data)
    aaa                                      0x200001a8   Data           2  gimbal_behaviour.o(.data)
    Shoot_Str                                0x200001b0   Data           4  shoot_behaviour.o(.data)
    plate_angle                              0x200001b4   Data          20  shoot_behaviour.o(.data)
    plate_speed                              0x200001c8   Data          20  shoot_behaviour.o(.data)
    shoot                                    0x200001dc   Data          20  shoot_behaviour.o(.data)
    VisionStructure                          0x200001f4   Data           8  vision_behaviour.o(.data)
    JudgeUARTtemp                            0x20000204   Data           1  judge_behaviour.o(.data)
    seq                                      0x2000020a   Data           1  ui_behaviour.o(.data)
    CRC_INIT                                 0x2000020c   Data           2  check_crc.o(.data)
    GIMBAL_Task_Handler                      0x20000228   Data           4  start_task.o(.data)
    user_count                               0x2000023c   Data           2  user_task.o(.data)
    reset_count                              0x2000023e   Data           2  user_task.o(.data)
    rccc                                     0x20000240   Data           4  rc_task.o(.data)
    VofaTaskStack                            0x20000244   Data           4  vofa_task.o(.data)
    FBK_I                                    0x20000248   Data           8  vofa_task.o(.data)
    power                                    0x20000250   Data           4  vofa_task.o(.data)
    buf                                      0x20000254   Data           2  vofa_task.o(.data)
    INSangle                                 0x20000258   Data           4  vofa_task.o(.data)
    MPU_angle                                0x2000025c   Data           4  vofa_task.o(.data)
    calibrate_task_stack                     0x20000260   Data           4  calibrate_task.o(.data)
    cali_hook_fun                            0x2000028c   Data          20  calibrate_task.o(.data)
    INSTaskStack                             0x200002b8   Data           4  ins_task.o(.data)
    flag_caplow                              0x2000034c   Data           1  chassis_task.o(.data)
    flag_cap_use                             0x2000034d   Data           1  chassis_task.o(.data)
    UI_FLAG                                  0x2000034e   Data           1  ui_send_task.o(.data)
    flag                                     0x2000034f   Data           1  ui_send_task.o(.data)
    xQueueRegistry                           0x20000364   Data          64  queue.o(.bss)
    rc_ctrl                                  0x200206b0   Data          22  remote_control.o(.bss)
    GyroOffset                               0x20020710   Data          12  icm20602.o(.bss)
    eulerAngle                               0x2002071c   Data          12  icm20602.o(.bss)
    icm_data                                 0x20020728   Data          24  icm20602.o(.bss)
    USART6_RX_BUF                            0x20020740   Data          14  usart6_vision.o(.bss)
    rx1_message                              0x20020778   Data          20  can_rec.o(.bss)
    rx2_message                              0x2002078c   Data          20  can_rec.o(.bss)
    Myaw                                     0x200207a0   Data          40  can_rec.o(.bss)
    Mpitch                                   0x200207c8   Data          40  can_rec.o(.bss)
    Mchassis                                 0x200207f0   Data         160  can_rec.o(.bss)
    Mfricl                                   0x20020890   Data          80  can_rec.o(.bss)
    Mplate                                   0x200208e0   Data          40  can_rec.o(.bss)
    Super_Stu                                0x20020908   Data          16  can_rec.o(.bss)
    pm01_od                                  0x20020918   Data          30  can_rec.o(.bss)
    Chassis_TypedefStructure                 0x20020938   Data         416  chassis_behaviour.o(.bss)
    Gimbal_TypedefStructure                  0x20020ad8   Data         388  gimbal_behaviour.o(.bss)
    Shoot_Structure                          0x20020c5c   Data         304  shoot_behaviour.o(.bss)
    JudgeDataBuffer                          0x20020d8c   Data         400  judge_behaviour.o(.bss)
    JudgeStructure                           0x20020f1c   Data         172  judge_behaviour.o(.bss)
    ext_data                                 0x20020fc8   Data        1032  ui_behaviour.o(.bss)
    ALLRC                                    0x200213d0   Data          22  rc_task.o(.bss)
    send_message                             0x200213e8   Data          24  vofa_task.o(.bss)
    Vofa                                     0x20021400   Data          36  vofa_task.o(.bss)
    INS_gyro                                 0x2002153c   Data          12  ins_task.o(.bss)
    INS_Angle                                0x20021560   Data          12  ins_task.o(.bss)
    __initial_sp                             0x200219f0   Data           0  startup_stm32f427xx.o(STACK)



==============================================================================

Memory Map of the image

  Image Entry point : 0x080001ad

  Load Region LR_IROM1 (Base: 0x08000000, Size: 0x0000e3a4, Max: 0x00200000, ABSOLUTE, COMPRESSED[0x0000e148])

    Execution Region ER_IROM1 (Base: 0x08000000, Size: 0x0000e040, Max: 0x00200000, ABSOLUTE)

    Base Addr    Size         Type   Attr      Idx    E Section Name        Object

    0x08000000   0x000001ac   Data   RO            3    RESET               startup_stm32f427xx.o
    0x080001ac   0x00000000   Code   RO         9762  * .ARM.Collect$$$$00000000  mc_w.l(entry.o)
    0x080001ac   0x00000004   Code   RO        10134    .ARM.Collect$$$$00000001  mc_w.l(entry2.o)
    0x080001b0   0x00000004   Code   RO        10137    .ARM.Collect$$$$00000004  mc_w.l(entry5.o)
    0x080001b4   0x00000000   Code   RO        10139    .ARM.Collect$$$$00000008  mc_w.l(entry7b.o)
    0x080001b4   0x00000000   Code   RO        10141    .ARM.Collect$$$$0000000A  mc_w.l(entry8b.o)
    0x080001b4   0x00000008   Code   RO        10142    .ARM.Collect$$$$0000000B  mc_w.l(entry9a.o)
    0x080001bc   0x00000000   Code   RO        10144    .ARM.Collect$$$$0000000D  mc_w.l(entry10a.o)
    0x080001bc   0x00000000   Code   RO        10146    .ARM.Collect$$$$0000000F  mc_w.l(entry11a.o)
    0x080001bc   0x00000004   Code   RO        10135    .ARM.Collect$$$$00002712  mc_w.l(entry2.o)
    0x080001c0   0x000000b6   Code   RO         6325    .emb_text           port.o
    0x08000276   0x00000002   PAD
    0x08000278   0x00000034   Code   RO            4    .text               startup_stm32f427xx.o
    0x080002ac   0x00000078   Code   RO         9529    .text               arm_cortexM4lf_math.lib(arm_cos_f32.o)
    0x08000324   0x00000084   Code   RO         9585    .text               arm_cortexM4lf_math.lib(arm_sin_f32.o)
    0x080003a8   0x00000024   Code   RO         9765    .text               mc_w.l(memcpya.o)
    0x080003cc   0x00000024   Code   RO         9767    .text               mc_w.l(memseta.o)
    0x080003f0   0x0000000e   Code   RO         9769    .text               mc_w.l(strlen.o)
    0x080003fe   0x0000014e   Code   RO        10036    .text               mf_w.l(dadd.o)
    0x0800054c   0x000000e4   Code   RO        10038    .text               mf_w.l(dmul.o)
    0x08000630   0x000000de   Code   RO        10040    .text               mf_w.l(ddiv.o)
    0x0800070e   0x0000001a   Code   RO        10044    .text               mf_w.l(dfltui.o)
    0x08000728   0x00000032   Code   RO        10046    .text               mf_w.l(dfixui.o)
    0x0800075a   0x00000026   Code   RO        10048    .text               mf_w.l(f2d.o)
    0x08000780   0x00000038   Code   RO        10050    .text               mf_w.l(d2f.o)
    0x080007b8   0x0000001e   Code   RO        10155    .text               mc_w.l(llshl.o)
    0x080007d6   0x00000020   Code   RO        10157    .text               mc_w.l(llushr.o)
    0x080007f6   0x00000024   Code   RO        10159    .text               mc_w.l(llsshr.o)
    0x0800081a   0x00000000   Code   RO        10168    .text               mc_w.l(iusefp.o)
    0x0800081a   0x0000006e   Code   RO        10169    .text               mf_w.l(fepilogue.o)
    0x08000888   0x000000ba   Code   RO        10171    .text               mf_w.l(depilogue.o)
    0x08000942   0x00000002   PAD
    0x08000944   0x00000024   Code   RO        10177    .text               mc_w.l(init.o)
    0x08000968   0x000000a2   Code   RO        10181    .text               mf_w.l(dsqrt.o)
    0x08000a0a   0x00000056   Code   RO        10193    .text               mc_w.l(__dczerorl2.o)
    0x08000a60   0x00000006   Code   RO          353    i.ADC_ClearFlag     stm32f4xx_adc.o
    0x08000a66   0x00000016   Code   RO          355    i.ADC_Cmd           stm32f4xx_adc.o
    0x08000a7c   0x00000030   Code   RO          356    i.ADC_CommonInit    stm32f4xx_adc.o
    0x08000aac   0x00000008   Code   RO          367    i.ADC_GetConversionValue  stm32f4xx_adc.o
    0x08000ab4   0x00000012   Code   RO          368    i.ADC_GetFlagStatus  stm32f4xx_adc.o
    0x08000ac6   0x00000002   PAD
    0x08000ac8   0x00000054   Code   RO          375    i.ADC_Init          stm32f4xx_adc.o
    0x08000b1c   0x000000b8   Code   RO          380    i.ADC_RegularChannelConfig  stm32f4xx_adc.o
    0x08000bd4   0x0000000a   Code   RO          382    i.ADC_SoftwareStartConv  stm32f4xx_adc.o
    0x08000bde   0x00000002   PAD
    0x08000be0   0x0000002c   Code   RO          385    i.ADC_TempSensorVrefintCmd  stm32f4xx_adc.o
    0x08000c0c   0x00000018   Code   RO         6470    i.AHRS_asinf        ahrs_middleware.o
    0x08000c24   0x00000020   Code   RO         6471    i.AHRS_atan2f       ahrs_middleware.o
    0x08000c44   0x00000018   Code   RO         6472    i.AHRS_cosf         ahrs_middleware.o
    0x08000c5c   0x0000001a   Code   RO         9439    i.AHRS_fabs         AHRS.lib(ahrs.o)
    0x08000c76   0x00000002   PAD
    0x08000c78   0x00000010   Code   RO         6473    i.AHRS_get_height   ahrs_middleware.o
    0x08000c88   0x00000010   Code   RO         6474    i.AHRS_get_latitude  ahrs_middleware.o
    0x08000c98   0x0000029c   Code   RO         9440    i.AHRS_init         AHRS.lib(ahrs.o)
    0x08000f34   0x0000003c   Code   RO         6475    i.AHRS_invSqrt      ahrs_middleware.o
    0x08000f70   0x00000018   Code   RO         6476    i.AHRS_sinf         ahrs_middleware.o
    0x08000f88   0x0000013a   Code   RO         9441    i.AHRS_update       AHRS.lib(ahrs.o)
    0x080010c2   0x00000002   PAD
    0x080010c4   0x00000030   Code   RO         8907    i.Append_CRC16_Check_Sum  check_crc.o
    0x080010f4   0x00000024   Code   RO         8908    i.Append_CRC8_Check_Sum  check_crc.o
    0x08001118   0x00000098   Code   RO         6837    i.BSP_init          main.o
    0x080011b0   0x00000004   Code   RO           13    i.BusFault_Handler  stm32f4xx_it.o
    0x080011b4   0x00000030   Code   RO         8240    i.CAN1_RX0_IRQHandler  can_rec.o
    0x080011e4   0x00000174   Code   RO         8241    i.CAN1_hook         can_rec.o
    0x08001358   0x00000110   Code   RO         7020    i.CAN1_mode_init    can.o
    0x08001468   0x00000030   Code   RO         8242    i.CAN2_RX1_IRQHandler  can_rec.o
    0x08001498   0x00000054   Code   RO         8243    i.CAN2_hook         can_rec.o
    0x080014ec   0x00000114   Code   RO         7021    i.CAN2_mode_init    can.o
    0x08001600   0x000000a8   Code   RO          597    i.CAN_ClearITPendingBit  stm32f4xx_can.o
    0x080016a8   0x00000108   Code   RO          601    i.CAN_FilterInit    stm32f4xx_can.o
    0x080017b0   0x00000120   Code   RO          603    i.CAN_GetITStatus   stm32f4xx_can.o
    0x080018d0   0x00000012   Code   RO          607    i.CAN_ITConfig      stm32f4xx_can.o
    0x080018e2   0x00000114   Code   RO          608    i.CAN_Init          stm32f4xx_can.o
    0x080019f6   0x000000f0   Code   RO          611    i.CAN_Receive       stm32f4xx_can.o
    0x08001ae6   0x00000126   Code   RO          616    i.CAN_Transmit      stm32f4xx_can.o
    0x08001c0c   0x00000198   Code   RO         8360    i.Chassis_Cmd       chassis_behaviour.o
    0x08001da4   0x000000bc   Code   RO         8361    i.Chassis_Follow_Gimbal_RC  chassis_behaviour.o
    0x08001e60   0x000001fc   Code   RO         8362    i.Chassis_Gyro_RC   chassis_behaviour.o
    0x0800205c   0x000000c8   Code   RO         8363    i.Chassis_Key_Ctrl  chassis_behaviour.o
    0x08002124   0x000000b4   Code   RO         8364    i.Chassis_Key_Follow_Gimbal  chassis_behaviour.o
    0x080021d8   0x00000200   Code   RO         8365    i.Chassis_Key_Gyro  chassis_behaviour.o
    0x080023d8   0x0000003c   Code   RO         8366    i.Chassis_Key_Switch  chassis_behaviour.o
    0x08002414   0x00000030   Code   RO         8367    i.Chassis_Key_Zero  chassis_behaviour.o
    0x08002444   0x0000003c   Code   RO         8368    i.Chassis_Ratio_Switch  chassis_behaviour.o
    0x08002480   0x000000c0   Code   RO         8369    i.Chassis_Rc_Ctrl   chassis_behaviour.o
    0x08002540   0x00000058   Code   RO         8370    i.Chassis_Zero      chassis_behaviour.o
    0x08002598   0x00000012   Code   RO          619    i.CheckITStatus     stm32f4xx_can.o
    0x080025aa   0x00000002   PAD
    0x080025ac   0x00000028   Code   RO         1079    i.DAC_Cmd           stm32f4xx_dac.o
    0x080025d4   0x00000034   Code   RO         1087    i.DAC_Init          stm32f4xx_dac.o
    0x08002608   0x00000020   Code   RO         1088    i.DAC_SetChannel1Data  stm32f4xx_dac.o
    0x08002628   0x00000034   Code   RO         7760    i.DMA1_Stream6_IRQHandler  uart_vofa.o
    0x0800265c   0x00000058   Code   RO         9223    i.DMA2_Stream5_IRQHandler  ins_task.o
    0x080026b4   0x00000034   Code   RO         1374    i.DMA_ClearFlag     stm32f4xx_dma.o
    0x080026e8   0x00000034   Code   RO         1375    i.DMA_ClearITPendingBit  stm32f4xx_dma.o
    0x0800271c   0x00000016   Code   RO         1376    i.DMA_Cmd           stm32f4xx_dma.o
    0x08002732   0x00000002   PAD
    0x08002734   0x00000158   Code   RO         1377    i.DMA_DeInit        stm32f4xx_dma.o
    0x0800288c   0x00000016   Code   RO         1378    i.DMA_DoubleBufferModeCmd  stm32f4xx_dma.o
    0x080028a2   0x00000018   Code   RO         1379    i.DMA_DoubleBufferModeConfig  stm32f4xx_dma.o
    0x080028ba   0x00000014   Code   RO         1381    i.DMA_GetCmdStatus  stm32f4xx_dma.o
    0x080028ce   0x00000008   Code   RO         1382    i.DMA_GetCurrDataCounter  stm32f4xx_dma.o
    0x080028d6   0x00000014   Code   RO         1383    i.DMA_GetCurrentMemoryTarget  stm32f4xx_dma.o
    0x080028ea   0x00000002   PAD
    0x080028ec   0x00000044   Code   RO         1385    i.DMA_GetFlagStatus  stm32f4xx_dma.o
    0x08002930   0x0000003a   Code   RO         1387    i.DMA_ITConfig      stm32f4xx_dma.o
    0x0800296a   0x00000002   PAD
    0x0800296c   0x00000058   Code   RO         1388    i.DMA_Init          stm32f4xx_dma.o
    0x080029c4   0x00000004   Code   RO         1391    i.DMA_SetCurrDataCounter  stm32f4xx_dma.o
    0x080029c8   0x00000058   Code   RO         7050    i.Dac1_Init         dac.o
    0x08002a20   0x00000002   Code   RO           14    i.DebugMon_Handler  stm32f4xx_it.o
    0x08002a22   0x0000002c   Code   RO         7761    i.Dma_Send_Enable   uart_vofa.o
    0x08002a4e   0x00000020   Code   RO         9224    i.EXTI9_5_IRQHandler  ins_task.o
    0x08002a6e   0x00000002   PAD
    0x08002a70   0x0000000c   Code   RO         1660    i.EXTI_ClearITPendingBit  stm32f4xx_exti.o
    0x08002a7c   0x00000018   Code   RO         1664    i.EXTI_GetITStatus  stm32f4xx_exti.o
    0x08002a94   0x00000094   Code   RO         1665    i.EXTI_Init         stm32f4xx_exti.o
    0x08002b28   0x0000000c   Code   RO         1725    i.FLASH_ClearFlag   stm32f4xx_flash.o
    0x08002b34   0x00000088   Code   RO         1731    i.FLASH_EraseSector  stm32f4xx_flash.o
    0x08002bbc   0x00000054   Code   RO         1733    i.FLASH_GetStatus   stm32f4xx_flash.o
    0x08002c10   0x00000014   Code   RO         1737    i.FLASH_Lock        stm32f4xx_flash.o
    0x08002c24   0x00000050   Code   RO         1761    i.FLASH_ProgramWord  stm32f4xx_flash.o
    0x08002c74   0x00000024   Code   RO         1763    i.FLASH_Unlock      stm32f4xx_flash.o
    0x08002c98   0x00000022   Code   RO         1764    i.FLASH_WaitForLastOperation  stm32f4xx_flash.o
    0x08002cba   0x0000001e   Code   RO         9096    i.Float_to_Byte     vofa_task.o
    0x08002cd8   0x00000088   Code   RO         7130    i.GPIOB_Exti8_GPIO_Init  exit_init.o
    0x08002d60   0x00000090   Code   RO         2221    i.GPIO_Init         stm32f4xx_gpio.o
    0x08002df0   0x00000046   Code   RO         2222    i.GPIO_PinAFConfig  stm32f4xx_gpio.o
    0x08002e36   0x00000004   Code   RO         2228    i.GPIO_ResetBits    stm32f4xx_gpio.o
    0x08002e3a   0x00000004   Code   RO         2229    i.GPIO_SetBits      stm32f4xx_gpio.o
    0x08002e3e   0x00000002   PAD
    0x08002e40   0x000001d0   Code   RO         7158    i.GetSector         flash.o
    0x08003010   0x00000034   Code   RO         8909    i.Get_CRC16_Check_Sum  check_crc.o
    0x08003044   0x00000024   Code   RO         8910    i.Get_CRC8_Check_Sum  check_crc.o
    0x08003068   0x000001d4   Code   RO         7159    i.Get_Next_Flash_Address  flash.o
    0x0800323c   0x0000005c   Code   RO         8186    i.Handle_Over_Zero  pid.o
    0x08003298   0x00000004   Code   RO           15    i.HardFault_Handler  stm32f4xx_it.o
    0x0800329c   0x0000012c   Code   RO         9225    i.IMU_Cali_Slove    ins_task.o
    0x080033c8   0x000000b0   Code   RO         9226    i.IMU_temp_Control  ins_task.o
    0x08003478   0x00000314   Code   RO         9227    i.INSTask           ins_task.o
    0x0800378c   0x00000074   Code   RO         9228    i.INS_cali_gyro     ins_task.o
    0x08003800   0x00000020   Code   RO         9229    i.INS_set_cali_gyro  ins_task.o
    0x08003820   0x000000a8   Code   RO         7763    i.Init_Dma_Tx_Config  uart_vofa.o
    0x080038c8   0x000000b4   Code   RO         7764    i.Init_Uart2        uart_vofa.o
    0x0800397c   0x00000318   Code   RO         8789    i.Judge_Calucate    judge_behaviour.o
    0x08003c94   0x00000114   Code   RO         8371    i.Key_Press_Time_Cal  chassis_behaviour.o
    0x08003da8   0x00000164   Code   RO         8513    i.Key_mode_Conduct  gimbal_behaviour.o
    0x08003f0c   0x00000020   Code   RO         8623    i.Limit_Max         function.o
    0x08003f2c   0x00000026   Code   RO         8624    i.Limit_Max_Min     function.o
    0x08003f52   0x0000004e   Code   RO         8625    i.Limit_Slove_Zero  function.o
    0x08003fa0   0x000000ac   Code   RO         8165    i.MAG_PWM_Configuration  mag_pwm.o
    0x0800404c   0x00000004   Code   RO           16    i.MemManage_Handler  stm32f4xx_it.o
    0x08004050   0x00000002   Code   RO           17    i.NMI_Handler       stm32f4xx_it.o
    0x08004052   0x00000002   PAD
    0x08004054   0x00000078   Code   RO          301    i.NVIC_Init         misc.o
    0x080040cc   0x00000014   Code   RO          302    i.NVIC_PriorityGroupConfig  misc.o
    0x080040e0   0x00000044   Code   RO         8187    i.PID_CALCAL        pid.o
    0x08004124   0x00000360   Code   RO         8188    i.PID_Calc          pid.o
    0x08004484   0x00000340   Code   RO         8189    i.PID_Calc_add_limit  pid.o
    0x080047c4   0x00000068   Code   RO         8190    i.PID_Init          pid.o
    0x0800482c   0x0000000a   Code   RO         8192    i.PID_diff_init     pid.o
    0x08004836   0x00000002   PAD
    0x08004838   0x00000020   Code   RO         3159    i.RCC_AHB1PeriphClockCmd  stm32f4xx_rcc.o
    0x08004858   0x00000020   Code   RO         3168    i.RCC_APB1PeriphClockCmd  stm32f4xx_rcc.o
    0x08004878   0x00000020   Code   RO         3170    i.RCC_APB1PeriphResetCmd  stm32f4xx_rcc.o
    0x08004898   0x00000020   Code   RO         3171    i.RCC_APB2PeriphClockCmd  stm32f4xx_rcc.o
    0x080048b8   0x00000020   Code   RO         3173    i.RCC_APB2PeriphResetCmd  stm32f4xx_rcc.o
    0x080048d8   0x000000e8   Code   RO         3180    i.RCC_GetClocksFreq  stm32f4xx_rcc.o
    0x080049c0   0x0000010c   Code   RO         8372    i.RC_CAL            chassis_behaviour.o
    0x08004acc   0x0000014c   Code   RO         7382    i.RC_Init           rc.o
    0x08004c18   0x000002d8   Code   RO         9148    i.RC_cmd_to_calibrate  calibrate_task.o
    0x08004ef0   0x00000010   Code   RO         7384    i.RC_unable         rc.o
    0x08004f00   0x000000da   Code   RO         7658    i.SBUS_TO_RC        remote_control.o
    0x08004fda   0x00000002   PAD
    0x08004fdc   0x000000bc   Code   RO         7815    i.SPI4_Init         icm20602.o
    0x08005098   0x000000c0   Code   RO         7457    i.SPI5Init          spi.o
    0x08005158   0x00000030   Code   RO         7458    i.SPI5SetSpeedAndDataSize  spi.o
    0x08005188   0x00000074   Code   RO         7459    i.SPI5_DMA_Enable   spi.o
    0x080051fc   0x000000f8   Code   RO         7460    i.SPI5_DMA_Init     spi.o
    0x080052f4   0x00000018   Code   RO         4320    i.SPI_Cmd           stm32f4xx_spi.o
    0x0800530c   0x00000012   Code   RO         4326    i.SPI_I2S_DMACmd    stm32f4xx_spi.o
    0x0800531e   0x00000012   Code   RO         4328    i.SPI_I2S_GetFlagStatus  stm32f4xx_spi.o
    0x08005330   0x00000006   Code   RO         4331    i.SPI_I2S_ReceiveData  stm32f4xx_spi.o
    0x08005336   0x00000004   Code   RO         4332    i.SPI_I2S_SendData  stm32f4xx_spi.o
    0x0800533a   0x0000003c   Code   RO         4333    i.SPI_Init          stm32f4xx_spi.o
    0x08005376   0x00000002   PAD
    0x08005378   0x00000040   Code   RO         4485    i.SYSCFG_EXTILineConfig  stm32f4xx_syscfg.o
    0x080053b8   0x00000120   Code   RO          184    i.SetSysClock       system_stm32f4xx.o
    0x080054d8   0x00000058   Code   RO         8514    i.Swicth_Vision_Size  gimbal_behaviour.o
    0x08005530   0x00000026   Code   RO         8515    i.Switch_Vision_Frocast  gimbal_behaviour.o
    0x08005556   0x00000002   PAD
    0x08005558   0x00000068   Code   RO         8516    i.Switch_Vision_Mode  gimbal_behaviour.o
    0x080055c0   0x00000044   Code   RO         8517    i.Switch_WindMill   gimbal_behaviour.o
    0x08005604   0x00000028   Code   RO          305    i.SysTick_CLKSourceConfig  misc.o
    0x0800562c   0x00000010   Code   RO         6400    i.SysTick_Handler   freertos_middleware.o
    0x0800563c   0x00000068   Code   RO          186    i.SystemInit        system_stm32f4xx.o
    0x080056a4   0x00000030   Code   RO         6401    i.TIM3_IRQHandler   freertos_middleware.o
    0x080056d4   0x000000dc   Code   RO         7511    i.TIM3_Init         timer.o
    0x080057b0   0x00000018   Code   RO         4546    i.TIM_ARRPreloadConfig  stm32f4xx_tim.o
    0x080057c8   0x00000006   Code   RO         4552    i.TIM_ClearFlag     stm32f4xx_tim.o
    0x080057ce   0x00000018   Code   RO         4558    i.TIM_Cmd           stm32f4xx_tim.o
    0x080057e6   0x0000001e   Code   RO         4560    i.TIM_CtrlPWMOutputs  stm32f4xx_tim.o
    0x08005804   0x00000022   Code   RO         4579    i.TIM_GetITStatus   stm32f4xx_tim.o
    0x08005826   0x00000012   Code   RO         4583    i.TIM_ITConfig      stm32f4xx_tim.o
    0x08005838   0x0000007c   Code   RO         4587    i.TIM_OC1Init       stm32f4xx_tim.o
    0x080058b4   0x00000012   Code   RO         4590    i.TIM_OC1PreloadConfig  stm32f4xx_tim.o
    0x080058c6   0x00000002   PAD
    0x080058c8   0x000000a4   Code   RO         4592    i.TIM_OC2Init       stm32f4xx_tim.o
    0x0800596c   0x0000001a   Code   RO         4595    i.TIM_OC2PreloadConfig  stm32f4xx_tim.o
    0x08005986   0x00000002   PAD
    0x08005988   0x00000078   Code   RO         4602    i.TIM_OC4Init       stm32f4xx_tim.o
    0x08005a00   0x0000001a   Code   RO         4604    i.TIM_OC4PreloadConfig  stm32f4xx_tim.o
    0x08005a1a   0x00000004   Code   RO         4620    i.TIM_SetCompare1   stm32f4xx_tim.o
    0x08005a1e   0x00000004   Code   RO         4621    i.TIM_SetCompare2   stm32f4xx_tim.o
    0x08005a22   0x00000004   Code   RO         4623    i.TIM_SetCompare4   stm32f4xx_tim.o
    0x08005a26   0x00000002   PAD
    0x08005a28   0x00000084   Code   RO         4630    i.TIM_TimeBaseInit  stm32f4xx_tim.o
    0x08005aac   0x00000530   Code   RO         9415    i.UI_SendTask       ui_send_task.o
    0x08005fdc   0x000000e4   Code   RO         7659    i.USART1_IRQHandler  remote_control.o
    0x080060c0   0x0000005c   Code   RO         8790    i.USART3_IRQHandler  judge_behaviour.o
    0x0800611c   0x00000150   Code   RO         7924    i.USART3_Judge_Config  usart_judge.o
    0x0800626c   0x000000c8   Code   RO         7955    i.USART6_IRQHandler  usart6_vision.o
    0x08006334   0x00000020   Code   RO         7956    i.USART6_SendChar   usart6_vision.o
    0x08006354   0x000000b4   Code   RO         7957    i.USART6_vision_Configuration  usart6_vision.o
    0x08006408   0x00000012   Code   RO         5108    i.USART_ClearFlag   stm32f4xx_usart.o
    0x0800641a   0x0000001e   Code   RO         5109    i.USART_ClearITPendingBit  stm32f4xx_usart.o
    0x08006438   0x00000018   Code   RO         5112    i.USART_Cmd         stm32f4xx_usart.o
    0x08006450   0x00000012   Code   RO         5113    i.USART_DMACmd      stm32f4xx_usart.o
    0x08006462   0x00000002   PAD
    0x08006464   0x000000f0   Code   RO         5114    i.USART_DeInit      stm32f4xx_usart.o
    0x08006554   0x0000001a   Code   RO         5115    i.USART_GetFlagStatus  stm32f4xx_usart.o
    0x0800656e   0x00000054   Code   RO         5116    i.USART_GetITStatus  stm32f4xx_usart.o
    0x080065c2   0x0000004a   Code   RO         5118    i.USART_ITConfig    stm32f4xx_usart.o
    0x0800660c   0x000000d4   Code   RO         5119    i.USART_Init        stm32f4xx_usart.o
    0x080066e0   0x0000000a   Code   RO         5126    i.USART_ReceiveData  stm32f4xx_usart.o
    0x080066ea   0x00000008   Code   RO         5129    i.USART_SendData    stm32f4xx_usart.o
    0x080066f2   0x00000004   Code   RO           18    i.UsageFault_Handler  stm32f4xx_it.o
    0x080066f6   0x00000002   PAD
    0x080066f8   0x000001e0   Code   RO         9031    i.UserTask          user_task.o
    0x080068d8   0x00000040   Code   RO         8911    i.Verify_CRC16_Check_Sum  check_crc.o
    0x08006918   0x0000002e   Code   RO         8912    i.Verify_CRC8_Check_Sum  check_crc.o
    0x08006946   0x00000002   PAD
    0x08006948   0x00000068   Code   RO         9097    i.VofaTask          vofa_task.o
    0x080069b0   0x00000060   Code   RO         9098    i.Vofa_send_justfloat  vofa_task.o
    0x08006a10   0x00000024   Code   RO         9099    i.Vofa_tail_init    vofa_task.o
    0x08006a34   0x00000030   Code   RO        10086    i.__ARM_fpclassify  m_wm.l(fpclassify.o)
    0x08006a64   0x00000026   Code   RO        10088    i.__ARM_fpclassifyf  m_wm.l(fpclassifyf.o)
    0x08006a8a   0x00000006   PAD
    0x08006a90   0x00000360   Code   RO         9700    i.__hardfp_asin     m_wm.l(asin.o)
    0x08006df0   0x0000012c   Code   RO         9714    i.__hardfp_asinf    m_wm.l(asinf.o)
    0x08006f1c   0x00000004   PAD
    0x08006f20   0x000002d8   Code   RO        10052    i.__hardfp_atan     m_wm.l(atan.o)
    0x080071f8   0x000001f0   Code   RO         9726    i.__hardfp_atan2    m_wm.l(atan2.o)
    0x080073e8   0x00000250   Code   RO         9738    i.__hardfp_atan2f   m_wm.l(atan2f.o)
    0x08007638   0x000000f8   Code   RO        10104    i.__kernel_poly     m_wm.l(poly.o)
    0x08007730   0x00000014   Code   RO        10067    i.__mathlib_dbl_infnan  m_wm.l(dunder.o)
    0x08007744   0x00000014   Code   RO        10068    i.__mathlib_dbl_infnan2  m_wm.l(dunder.o)
    0x08007758   0x00000020   Code   RO        10069    i.__mathlib_dbl_invalid  m_wm.l(dunder.o)
    0x08007778   0x00000020   Code   RO        10072    i.__mathlib_dbl_underflow  m_wm.l(dunder.o)
    0x08007798   0x00000006   Code   RO        10091    i.__mathlib_flt_infnan  m_wm.l(funder.o)
    0x0800779e   0x00000006   Code   RO        10092    i.__mathlib_flt_infnan2  m_wm.l(funder.o)
    0x080077a4   0x00000010   Code   RO        10093    i.__mathlib_flt_invalid  m_wm.l(funder.o)
    0x080077b4   0x00000010   Code   RO        10096    i.__mathlib_flt_underflow  m_wm.l(funder.o)
    0x080077c4   0x0000000e   Code   RO        10187    i.__scatterload_copy  mc_w.l(handlers.o)
    0x080077d2   0x00000002   Code   RO        10188    i.__scatterload_null  mc_w.l(handlers.o)
    0x080077d4   0x0000000e   Code   RO        10189    i.__scatterload_zeroinit  mc_w.l(handlers.o)
    0x080077e2   0x00000002   PAD
    0x080077e4   0x0000000c   Code   RO        10163    i.__set_errno       mc_w.l(errno.o)
    0x080077f0   0x000001d0   Code   RO         9442    i.accel_comple_filter  AHRS.lib(ahrs.o)
    0x080079c0   0x0000018c   Code   RO         9443    i.accel_update_kp_ki  AHRS.lib(ahrs.o)
    0x08007b4c   0x0000016c   Code   RO         9444    i.angle_to_quat     AHRS.lib(ahrs.o)
    0x08007cb8   0x00000010   Code   RO        10054    i.atan              m_wm.l(atan.o)
    0x08007cc8   0x000000b8   Code   RO         6984    i.buzzer_init       buzzer.o
    0x08007d80   0x00000010   Code   RO         6985    i.buzzer_off        buzzer.o
    0x08007d90   0x0000001c   Code   RO         6986    i.buzzer_on         buzzer.o
    0x08007dac   0x00000084   Code   RO         9150    i.cali_data_write   calibrate_task.o
    0x08007e30   0x00000006   Code   RO         9151    i.cali_gimbal_hook  calibrate_task.o
    0x08007e36   0x00000002   PAD
    0x08007e38   0x0000005c   Code   RO         9152    i.cali_gyro_hook    calibrate_task.o
    0x08007e94   0x00000054   Code   RO         9153    i.cali_head_hook    calibrate_task.o
    0x08007ee8   0x00000148   Code   RO         9155    i.calibrate_task    calibrate_task.o
    0x08008030   0x00000064   Code   RO         8245    i.can_cmd_chassis   can_rec.o
    0x08008094   0x00000058   Code   RO         8246    i.can_cmd_gimbal    can_rec.o
    0x080080ec   0x0000004c   Code   RO         8247    i.can_cmd_shoot     can_rec.o
    0x08008138   0x0000009c   Code   RO         8373    i.chassis_init      chassis_behaviour.o
    0x080081d4   0x00000076   Code   RO         8374    i.chassis_mode_behaviour_set  chassis_behaviour.o
    0x0800824a   0x00000052   Code   RO         8375    i.chassis_mode_conduct  chassis_behaviour.o
    0x0800829c   0x00000012   Code   RO         8376    i.chassis_mode_set  chassis_behaviour.o
    0x080082ae   0x00000002   PAD
    0x080082b0   0x000002dc   Code   RO         9313    i.chassis_task      chassis_task.o
    0x0800858c   0x0000006c   Code   RO         7092    i.delay_init        delay.o
    0x080085f8   0x00000050   Code   RO         7093    i.delay_ms          delay.o
    0x08008648   0x00000050   Code   RO         7094    i.delay_us          delay.o
    0x08008698   0x00000018   Code   RO        10082    i.fabs              m_wm.l(fabs.o)
    0x080086b0   0x000000b8   Code   RO         7162    i.flash_write_single_address  flash.o
    0x08008768   0x00000018   Code   RO         7262    i.flow_led_off      led.o
    0x08008780   0x00000038   Code   RO         6944    i.get_ADC           adc.o
    0x080087b8   0x00000008   Code   RO         9230    i.get_INS_angle_point  ins_task.o
    0x080087c0   0x00000008   Code   RO         9232    i.get_MPU6500_Gyro_Data_Point  ins_task.o
    0x080087c8   0x000000e8   Code   RO         9445    i.get_angle         AHRS.lib(ahrs.o)
    0x080088b0   0x000000d8   Code   RO         8248    i.get_chassismotor_measure  can_rec.o
    0x08008988   0x000000dc   Code   RO         8249    i.get_gimbalmotor_measure  can_rec.o
    0x08008a64   0x0000005c   Code   RO         7817    i.get_icm20602_accdata_spi  icm20602.o
    0x08008ac0   0x0000005c   Code   RO         7818    i.get_icm20602_gyro_spi  icm20602.o
    0x08008b1c   0x00000008   Code   RO         7660    i.get_remote_control_point  remote_control.o
    0x08008b24   0x00000060   Code   RO         6945    i.get_temprate      adc.o
    0x08008b84   0x00000072   Code   RO         8518    i.gimbal_chassis_follow_gimbal  gimbal_behaviour.o
    0x08008bf6   0x00000002   PAD
    0x08008bf8   0x000000f4   Code   RO         8519    i.gimbal_cmd        gimbal_behaviour.o
    0x08008cec   0x00000098   Code   RO         8520    i.gimbal_init       gimbal_behaviour.o
    0x08008d84   0x00000024   Code   RO         8521    i.gimbal_key_ctrl   gimbal_behaviour.o
    0x08008da8   0x00000058   Code   RO         8522    i.gimbal_mode_behaviour_set  gimbal_behaviour.o
    0x08008e00   0x00000054   Code   RO         8523    i.gimbal_mode_conduct  gimbal_behaviour.o
    0x08008e54   0x00000012   Code   RO         8524    i.gimbal_mode_set   gimbal_behaviour.o
    0x08008e66   0x00000002   PAD
    0x08008e68   0x00000030   Code   RO         9340    i.gimbal_task       gimbal_task.o
    0x08008e98   0x0000004c   Code   RO         8525    i.gimbal_zero       gimbal_behaviour.o
    0x08008ee4   0x000000f8   Code   RO         7819    i.gyroOffsetInit    icm20602.o
    0x08008fdc   0x00000068   Code   RO         6694    i.gyro_offset       mpu6500driver.o
    0x08009044   0x00000034   Code   RO         7820    i.icm20602_cs_init  icm20602.o
    0x08009078   0x0000006a   Code   RO         7821    i.icm20602_init_spi  icm20602.o
    0x080090e2   0x00000020   Code   RO         7822    i.icm20602_self3_check  icm20602.o
    0x08009102   0x00000002   PAD
    0x08009104   0x0000002c   Code   RO         9391    i.icm20602_task     icm20602_task.o
    0x08009130   0x0000052c   Code   RO         7823    i.icmAHRSupdate     icm20602.o
    0x0800965c   0x00000170   Code   RO         7824    i.icmGetValues      icm20602.o
    0x080097cc   0x00000054   Code   RO         7825    i.icm_SPI_read_write_byte  icm20602.o
    0x08009820   0x00000044   Code   RO         7826    i.icm_read_muli_reg  icm20602.o
    0x08009864   0x00000044   Code   RO         7827    i.icm_spi_r_reg_byte  icm20602.o
    0x080098a8   0x00000034   Code   RO         7828    i.icm_spi_w_reg_byte  icm20602.o
    0x080098dc   0x0000003c   Code   RO         7561    i.invSqrt           user_lib.o
    0x08009918   0x00000058   Code   RO         6601    i.ist8310_GPIO_init  ist8310driver_middleware.o
    0x08009970   0x0000002c   Code   RO         6603    i.ist8310_IIC_read_single_reg  ist8310driver_middleware.o
    0x0800999c   0x00000024   Code   RO         6605    i.ist8310_IIC_write_single_reg  ist8310driver_middleware.o
    0x080099c0   0x00000010   Code   RO         6606    i.ist8310_RST_H     ist8310driver_middleware.o
    0x080099d0   0x00000010   Code   RO         6607    i.ist8310_RST_L     ist8310driver_middleware.o
    0x080099e0   0x00000018   Code   RO         6608    i.ist8310_auto_com_by_mpu6500  ist8310driver_middleware.o
    0x080099f8   0x00000002   Code   RO         6609    i.ist8310_com_init  ist8310driver_middleware.o
    0x080099fa   0x0000000c   Code   RO         6610    i.ist8310_delay_ms  ist8310driver_middleware.o
    0x08009a06   0x0000000c   Code   RO         6611    i.ist8310_delay_us  ist8310driver_middleware.o
    0x08009a12   0x00000002   PAD
    0x08009a14   0x00000090   Code   RO         6566    i.ist8310_init      ist8310driver.o
    0x08009aa4   0x00000084   Code   RO         6568    i.ist8310_read_over  ist8310driver.o
    0x08009b28   0x0000008c   Code   RO         8526    i.key_calc          gimbal_behaviour.o
    0x08009bb4   0x00000050   Code   RO         8650    i.key_ctrl_shoot    shoot_behaviour.o
    0x08009c04   0x0000009c   Code   RO         8651    i.key_judge_aim     shoot_behaviour.o
    0x08009ca0   0x0000003c   Code   RO         7226    i.laser_configuration  laser.o
    0x08009cdc   0x00000014   Code   RO         7227    i.laser_off         laser.o
    0x08009cf0   0x00000014   Code   RO         7228    i.laser_on          laser.o
    0x08009d04   0x0000006c   Code   RO         7265    i.led_configuration  led.o
    0x08009d70   0x00000014   Code   RO         7266    i.led_green_off     led.o
    0x08009d84   0x00000014   Code   RO         7269    i.led_red_off       led.o
    0x08009d98   0x00000024   Code   RO         6838    i.main              main.o
    0x08009dbc   0x000000d4   Code   RO         8835    i.make_num          ui_behaviour.o
    0x08009e90   0x000000ec   Code   RO         8836    i.make_word         ui_behaviour.o
    0x08009f7c   0x00000034   Code   RO         6751    i.mpu6500_GPIO_init  mpu6500driver_middleware.o
    0x08009fb0   0x00000010   Code   RO         6752    i.mpu6500_SPI_NS_H  mpu6500driver_middleware.o
    0x08009fc0   0x00000010   Code   RO         6753    i.mpu6500_SPI_NS_L  mpu6500driver_middleware.o
    0x08009fd0   0x00000054   Code   RO         6754    i.mpu6500_SPI_read_write_byte  mpu6500driver_middleware.o
    0x0800a024   0x00000008   Code   RO         6755    i.mpu6500_com_init  mpu6500driver_middleware.o
    0x0800a02c   0x000000c4   Code   RO         6695    i.mpu6500_init      mpu6500driver.o
    0x0800a0f0   0x0000000c   Code   RO         6756    i.mpu6500_middleware_delay_ms  mpu6500driver_middleware.o
    0x0800a0fc   0x0000000c   Code   RO         6757    i.mpu6500_middleware_delay_us  mpu6500driver_middleware.o
    0x0800a108   0x00000140   Code   RO         6698    i.mpu6500_read_over  mpu6500driver.o
    0x0800a248   0x00000020   Code   RO         6759    i.mpu6500_read_single_reg  mpu6500driver_middleware.o
    0x0800a268   0x00000034   Code   RO         6760    i.mpu6500_write_muli_reg  mpu6500driver_middleware.o
    0x0800a29c   0x0000001c   Code   RO         6761    i.mpu6500_write_single_reg  mpu6500driver_middleware.o
    0x0800a2b8   0x00000030   Code   RO         5776    i.pcTaskGetName     tasks.o
    0x0800a2e8   0x00000050   Code   RO         8251    i.pm01_cmd_send     can_rec.o
    0x0800a338   0x00000050   Code   RO         8252    i.pm01_current_set  can_rec.o
    0x0800a388   0x00000050   Code   RO         8253    i.pm01_power_set    can_rec.o
    0x0800a3d8   0x0000002c   Code   RO         8254    i.pm01_read         can_rec.o
    0x0800a404   0x00000050   Code   RO         8255    i.pm01_voltage_set  can_rec.o
    0x0800a454   0x00000048   Code   RO         7340    i.power_ctrl_configuration  power_ctrl.o
    0x0800a49c   0x00000020   Code   RO         7342    i.power_ctrl_on     power_ctrl.o
    0x0800a4bc   0x00000098   Code   RO         5777    i.prvAddCurrentTaskToDelayedList  tasks.o
    0x0800a554   0x000000b8   Code   RO         5778    i.prvAddNewTaskToReadyList  tasks.o
    0x0800a60c   0x00000064   Code   RO         6146    i.prvCheckForValidListAndQueue  timers.o
    0x0800a670   0x00000064   Code   RO         5779    i.prvCheckTasksWaitingTermination  tasks.o
    0x0800a6d4   0x0000002a   Code   RO         5541    i.prvCopyDataFromQueue  queue.o
    0x0800a6fe   0x0000007c   Code   RO         5542    i.prvCopyDataToQueue  queue.o
    0x0800a77a   0x00000012   Code   RO         5780    i.prvDeleteTCB      tasks.o
    0x0800a78c   0x00000028   Code   RO         6147    i.prvGetNextExpireTime  timers.o
    0x0800a7b4   0x0000007c   Code   RO         6276    i.prvHeapInit       heap_4.o
    0x0800a830   0x00000028   Code   RO         5781    i.prvIdleTask       tasks.o
    0x0800a858   0x0000002e   Code   RO         5544    i.prvInitialiseNewQueue  queue.o
    0x0800a886   0x000000b4   Code   RO         5782    i.prvInitialiseNewTask  tasks.o
    0x0800a93a   0x00000002   PAD
    0x0800a93c   0x00000068   Code   RO         5783    i.prvInitialiseTaskLists  tasks.o
    0x0800a9a4   0x00000068   Code   RO         6277    i.prvInsertBlockIntoFreeList  heap_4.o
    0x0800aa0c   0x00000058   Code   RO         6149    i.prvInsertTimerInActiveList  timers.o
    0x0800aa64   0x0000001a   Code   RO         5545    i.prvIsQueueEmpty   queue.o
    0x0800aa7e   0x0000001e   Code   RO         5546    i.prvIsQueueFull    queue.o
    0x0800aa9c   0x00000090   Code   RO         5547    i.prvNotifyQueueSetContainer  queue.o
    0x0800ab2c   0x00000064   Code   RO         6150    i.prvProcessExpiredTimer  timers.o
    0x0800ab90   0x000000f8   Code   RO         6151    i.prvProcessReceivedCommands  timers.o
    0x0800ac88   0x00000074   Code   RO         6152    i.prvProcessTimerOrBlockTask  timers.o
    0x0800acfc   0x00000034   Code   RO         5785    i.prvResetNextTaskUnblockTime  tasks.o
    0x0800ad30   0x0000002c   Code   RO         6153    i.prvSampleTimeNow  timers.o
    0x0800ad5c   0x0000009e   Code   RO         5786    i.prvSearchForNameWithinSingleList  tasks.o
    0x0800adfa   0x00000002   PAD
    0x0800adfc   0x000000a0   Code   RO         6154    i.prvSwitchTimerLists  timers.o
    0x0800ae9c   0x00000016   Code   RO         5787    i.prvTaskCheckFreeStackSpace  tasks.o
    0x0800aeb2   0x00000002   PAD
    0x0800aeb4   0x00000040   Code   RO         6326    i.prvTaskExitError  port.o
    0x0800aef4   0x0000001a   Code   RO         6155    i.prvTimerTask      timers.o
    0x0800af0e   0x00000092   Code   RO         5548    i.prvUnlockQueue    queue.o
    0x0800afa0   0x0000013c   Code   RO         6278    i.pvPortMalloc      heap_4.o
    0x0800b0dc   0x00000020   Code   RO         5790    i.pvTaskIncrementMutexHeldCount  tasks.o
    0x0800b0fc   0x0000002c   Code   RO         6327    i.pxPortInitialiseStack  port.o
    0x0800b128   0x00000084   Code   RO         9450    i.quat_normalization  AHRS.lib(ahrs.o)
    0x0800b1ac   0x0000002c   Code   RO         9065    i.rc_choose_task    rc_task.o
    0x0800b1d8   0x00000064   Code   RO         8652    i.rc_judge_aim      shoot_behaviour.o
    0x0800b23c   0x000000a8   Code   RO         8837    i.referee_data_pack_handle  ui_behaviour.o
    0x0800b2e4   0x00000014   Code   RO         7661    i.remote_control_init  remote_control.o
    0x0800b2f8   0x000001c0   Code   RO         8653    i.shoot_conduct     shoot_behaviour.o
    0x0800b4b8   0x000000a8   Code   RO         8654    i.shoot_init        shoot_behaviour.o
    0x0800b560   0x00000060   Code   RO         8655    i.shoot_judge       shoot_behaviour.o
    0x0800b5c0   0x00000030   Code   RO         8656    i.shoot_key_ctrl    shoot_behaviour.o
    0x0800b5f0   0x00000040   Code   RO         8657    i.shoot_mode_conduct  shoot_behaviour.o
    0x0800b630   0x00000044   Code   RO         8658    i.shoot_mode_set    shoot_behaviour.o
    0x0800b674   0x000000bc   Code   RO         8659    i.shoot_rc_ctrl     shoot_behaviour.o
    0x0800b730   0x0000002c   Code   RO         9367    i.shoot_task        shoot_task.o
    0x0800b75c   0x00000048   Code   RO         8660    i.shoot_zreo        shoot_behaviour.o
    0x0800b7a4   0x0000006e   Code   RO        10112    i.sqrt              m_wm.l(sqrt_full.o)
    0x0800b812   0x0000003e   Code   RO        10118    i.sqrtf             m_wm.l(sqrtf_full.o)
    0x0800b850   0x0000002c   Code   RO         8965    i.startTast         start_task.o
    0x0800b87c   0x000001c8   Code   RO         8966    i.start_task        start_task.o
    0x0800ba44   0x00000040   Code   RO         8661    i.switch_frictiongear_mode  shoot_behaviour.o
    0x0800ba84   0x00000048   Code   RO         8662    i.switch_mag_mode   shoot_behaviour.o
    0x0800bacc   0x00000038   Code   RO         8663    i.switch_shoot_by_gimbal  shoot_behaviour.o
    0x0800bb04   0x0000002c   Code   RO         6946    i.temperature_ADC_Reset  adc.o
    0x0800bb30   0x00000054   Code   RO         6947    i.temperature_ADC_init  adc.o
    0x0800bb84   0x00000074   Code   RO         5791    i.ulTaskNotifyTake  tasks.o
    0x0800bbf8   0x0000007a   Code   RO         9451    i.update_w          AHRS.lib(ahrs.o)
    0x0800bc72   0x00000028   Code   RO         5504    i.uxListRemove      list.o
    0x0800bc9a   0x00000002   PAD
    0x0800bc9c   0x00000028   Code   RO         5793    i.uxTaskGetStackHighWaterMark  tasks.o
    0x0800bcc4   0x0000001a   Code   RO         5505    i.vListInitialise   list.o
    0x0800bcde   0x00000006   Code   RO         5506    i.vListInitialiseItem  list.o
    0x0800bce4   0x00000034   Code   RO         5507    i.vListInsert       list.o
    0x0800bd18   0x00000018   Code   RO         5508    i.vListInsertEnd    list.o
    0x0800bd30   0x00000054   Code   RO         6329    i.vPortEnterCritical  port.o
    0x0800bd84   0x0000003c   Code   RO         6330    i.vPortExitCritical  port.o
    0x0800bdc0   0x00000094   Code   RO         6279    i.vPortFree         heap_4.o
    0x0800be54   0x00000002   Code   RO         6402    i.vPortSetupTimerInterrupt  freertos_middleware.o
    0x0800be56   0x00000002   PAD
    0x0800be58   0x00000078   Code   RO         6331    i.vPortValidateInterruptPriority  port.o
    0x0800bed0   0x0000002c   Code   RO         5554    i.vQueueAddToRegistry  queue.o
    0x0800befc   0x0000004a   Code   RO         5558    i.vQueueWaitForMessageRestricted  queue.o
    0x0800bf46   0x00000002   PAD
    0x0800bf48   0x0000005c   Code   RO         5799    i.vTaskDelay        tasks.o
    0x0800bfa4   0x000000f4   Code   RO         5801    i.vTaskDelete       tasks.o
    0x0800c098   0x0000000c   Code   RO         5805    i.vTaskMissedYield  tasks.o
    0x0800c0a4   0x000000f0   Code   RO         5806    i.vTaskNotifyGiveFromISR  tasks.o
    0x0800c194   0x00000038   Code   RO         5807    i.vTaskPlaceOnEventList  tasks.o
    0x0800c1cc   0x00000040   Code   RO         5808    i.vTaskPlaceOnEventListRestricted  tasks.o
    0x0800c20c   0x000000b0   Code   RO         5810    i.vTaskPriorityInherit  tasks.o
    0x0800c2bc   0x00000030   Code   RO         5814    i.vTaskSetTimeOutState  tasks.o
    0x0800c2ec   0x00000094   Code   RO         5815    i.vTaskStartScheduler  tasks.o
    0x0800c380   0x00000010   Code   RO         5817    i.vTaskSuspendAll   tasks.o
    0x0800c390   0x0000008c   Code   RO         5818    i.vTaskSwitchContext  tasks.o
    0x0800c41c   0x000000cc   Code   RO         7958    i.vision_send       usart6_vision.o
    0x0800c4e8   0x00000198   Code   RO         8759    i.vision_updata     vision_behaviour.o
    0x0800c680   0x0000013c   Code   RO         6332    i.xPortStartScheduler  port.o
    0x0800c7bc   0x00000034   Code   RO         6333    i.xPortSysTickHandler  port.o
    0x0800c7f0   0x00000058   Code   RO         5563    i.xQueueGenericCreate  queue.o
    0x0800c848   0x000001c4   Code   RO         5564    i.xQueueGenericReceive  queue.o
    0x0800ca0c   0x00000098   Code   RO         5565    i.xQueueGenericReset  queue.o
    0x0800caa4   0x000001c8   Code   RO         5566    i.xQueueGenericSend  queue.o
    0x0800cc6c   0x00000108   Code   RO         5567    i.xQueueGenericSendFromISR  queue.o
    0x0800cd74   0x0000008c   Code   RO         5819    i.xTaskCheckForTimeOut  tasks.o
    0x0800ce00   0x00000060   Code   RO         5820    i.xTaskCreate       tasks.o
    0x0800ce60   0x000000a4   Code   RO         5824    i.xTaskGetHandle    tasks.o
    0x0800cf04   0x00000020   Code   RO         5825    i.xTaskGetSchedulerState  tasks.o
    0x0800cf24   0x0000000c   Code   RO         5826    i.xTaskGetTickCount  tasks.o
    0x0800cf30   0x00000148   Code   RO         5828    i.xTaskIncrementTick  tasks.o
    0x0800d078   0x000000c8   Code   RO         5831    i.xTaskPriorityDisinherit  tasks.o
    0x0800d140   0x00000098   Code   RO         5832    i.xTaskRemoveFromEventList  tasks.o
    0x0800d1d8   0x00000104   Code   RO         5834    i.xTaskResumeAll    tasks.o
    0x0800d2dc   0x00000054   Code   RO         6159    i.xTimerCreateTimerTask  timers.o
    0x0800d330   0x00000084   Code   RO         6160    i.xTimerGenericCommand  timers.o
    0x0800d3b4   0x0000000c   Data   RO         6569    .constdata          ist8310driver.o
    0x0800d3c0   0x0000002a   Data   RO         6700    .constdata          mpu6500driver.o
    0x0800d3ea   0x00000302   Data   RO         8913    .constdata          check_crc.o
    0x0800d6ec   0x0000000f   Data   RO         9159    .constdata          calibrate_task.o
    0x0800d6fb   0x00000001   PAD
    0x0800d6fc   0x00000024   Data   RO         9234    .constdata          ins_task.o
    0x0800d720   0x0000000c   Data   RO         9452    .constdata          AHRS.lib(ahrs.o)
    0x0800d72c   0x00000804   Data   RO         9665    .constdata          arm_cortexM4lf_math.lib(arm_common_tables.o)
    0x0800df30   0x00000050   Data   RO         9703    .constdata          m_wm.l(asin.o)
    0x0800df80   0x00000098   Data   RO        10055    .constdata          m_wm.l(atan.o)
    0x0800e018   0x00000008   Data   RO        10106    .constdata          m_wm.l(qnan.o)
    0x0800e020   0x00000020   Data   RO        10185    Region$$Table       anon$$obj.o


    Execution Region RW_IRAM1 (Base: 0x20000000, Size: 0x000219f0, Max: 0x00030000, ABSOLUTE, COMPRESSED[0x00000108])

    Base Addr    Size         Type   Attr      Idx    E Section Name        Object

    0x20000000   0x00000014   Data   RW          187    .data               system_stm32f4xx.o
    0x20000014   0x00000010   Data   RW         3212    .data               stm32f4xx_rcc.o
    0x20000024   0x0000003c   Data   RW         5837    .data               tasks.o
    0x20000060   0x00000014   Data   RW         6166    .data               timers.o
    0x20000074   0x00000018   Data   RW         6284    .data               heap_4.o
    0x2000008c   0x0000000c   Data   RW         6334    .data               port.o
    0x20000098   0x00000008   Data   RW         6403    .data               freertos_middleware.o
    0x200000a0   0x00000001   Data   RW         6701    .data               mpu6500driver.o
    0x200000a1   0x00000003   PAD
    0x200000a4   0x00000008   Data   RW         7095    .data               delay.o
    0x200000ac   0x00000002   Data   RW         7665    .data               remote_control.o
    0x200000ae   0x00000002   PAD
    0x200000b0   0x00000030   Data   RW         7830    .data               icm20602.o
    0x200000e0   0x0000000c   Data   RW         7960    .data               usart6_vision.o
    0x200000ec   0x0000000d   Data   RW         8257    .data               can_rec.o
    0x200000f9   0x00000003   PAD
    0x200000fc   0x0000004d   Data   RW         8379    .data               chassis_behaviour.o
    0x20000149   0x00000003   PAD
    0x2000014c   0x00000062   Data   RW         8528    .data               gimbal_behaviour.o
    0x200001ae   0x00000002   PAD
    0x200001b0   0x00000041   Data   RW         8665    .data               shoot_behaviour.o
    0x200001f1   0x00000003   PAD
    0x200001f4   0x00000010   Data   RW         8760    .data               vision_behaviour.o
    0x20000204   0x00000006   Data   RW         8793    .data               judge_behaviour.o
    0x2000020a   0x00000001   Data   RW         8839    .data               ui_behaviour.o
    0x2000020b   0x00000001   PAD
    0x2000020c   0x00000002   Data   RW         8914    .data               check_crc.o
    0x2000020e   0x00000002   PAD
    0x20000210   0x0000002c   Data   RW         8967    .data               start_task.o
    0x2000023c   0x00000004   Data   RW         9032    .data               user_task.o
    0x20000240   0x00000004   Data   RW         9067    .data               rc_task.o
    0x20000244   0x0000001c   Data   RW         9102    .data               vofa_task.o
    0x20000260   0x00000054   Data   RW         9160    .data               calibrate_task.o
    0x200002b4   0x00000098   Data   RW         9235    .data               ins_task.o
    0x2000034c   0x00000002   Data   RW         9314    .data               chassis_task.o
    0x2000034e   0x00000002   Data   RW         9416    .data               ui_send_task.o
    0x20000350   0x00000010   Data   RW         9453    .data               AHRS.lib(ahrs.o)
    0x20000360   0x00000004   Data   RW        10164    .data               mc_w.l(errno.o)
    0x20000364   0x00000040   Zero   RW         5578    .bss                queue.o
    0x200003a4   0x000002e4   Zero   RW         5836    .bss                tasks.o
    0x20000688   0x00000028   Zero   RW         6165    .bss                timers.o
    0x200006b0   0x00020000   Zero   RW         6283    .bss                heap_4.o
    0x200206b0   0x0000005e   Zero   RW         7664    .bss                remote_control.o
    0x2002070e   0x00000002   PAD
    0x20020710   0x00000030   Zero   RW         7829    .bss                icm20602.o
    0x20020740   0x0000000e   Zero   RW         7959    .bss                usart6_vision.o
    0x2002074e   0x00000002   PAD
    0x20020750   0x000001e6   Zero   RW         8256    .bss                can_rec.o
    0x20020936   0x00000002   PAD
    0x20020938   0x000001a0   Zero   RW         8378    .bss                chassis_behaviour.o
    0x20020ad8   0x00000184   Zero   RW         8527    .bss                gimbal_behaviour.o
    0x20020c5c   0x00000130   Zero   RW         8664    .bss                shoot_behaviour.o
    0x20020d8c   0x0000023c   Zero   RW         8792    .bss                judge_behaviour.o
    0x20020fc8   0x00000408   Zero   RW         8838    .bss                ui_behaviour.o
    0x200213d0   0x00000016   Zero   RW         9066    .bss                rc_task.o
    0x200213e6   0x00000002   PAD
    0x200213e8   0x0000003c   Zero   RW         9101    .bss                vofa_task.o
    0x20021424   0x0000009d   Zero   RW         9158    .bss                calibrate_task.o
    0x200214c1   0x00000003   PAD
    0x200214c4   0x0000012c   Zero   RW         9233    .bss                ins_task.o
    0x200215f0   0x00000400   Zero   RW            1    STACK               startup_stm32f427xx.o


==============================================================================

Image component sizes


      Code (inc. data)   RO Data    RW Data    ZI Data      Debug   Object Name

       280         26          0          0          0       2238   adc.o
       196         12          0          0          0       5424   ahrs_middleware.o
       228         20          0          0          0       1847   buzzer.o
      1370         82         15         84        157       7514   calibrate_task.o
       548         16          0          0          0       2078   can.o
      1616        122          0         13        486      12305   can_rec.o
      3362        182          0         77        416      14212   chassis_behaviour.o
       732         24          0          2          0       1066   chassis_task.o
       282         20        770          2          0       4978   check_crc.o
         0          0          0          0          0       7224   croutine.o
        88          4          0          0          0        604   dac.o
       268         26          0          8          0       2139   delay.o
         0          0          0          0          0      11800   event_groups.o
       136          6          0          0          0        696   exit_init.o
      1116        178          0          0          0       3409   flash.o
        66          8          0          8          0       7594   freertos_middleware.o
       148          0          0          0          0       2043   function.o
      1606        146          0         98        388      13635   gimbal_behaviour.o
        48          8          0          0          0        542   gimbal_task.o
       692         62          0         24     131072       4439   heap_4.o
      2774        202          0         48         48      12865   icm20602.o
        44          4          0          0          0        572   icm20602_task.o
      1548        200         36        152        300       8927   ins_task.o
       276         10         12          0          0       2631   ist8310driver.o
       250         24          0          0          0       5844   ist8310driver_middleware.o
       884         44          0          6        572       8132   judge_behaviour.o
       100         18          0          0          0       1505   laser.o
       172         30          0          0          0       2053   led.o
       148          0          0          0          0       3262   list.o
       172          8          0          0          0        720   mag_pwm.o
       188         12          0          0          0       4581   main.o
       180         24          0          0          0       2185   misc.o
       620         26         42          1          0       4373   mpu6500driver.o
       312         18          0          0          0       6671   mpu6500driver_middleware.o
      1970         18          0          0          0       5583   pid.o
       922         86          0         12          0      10886   port.o
       104         12          0          0          0       1191   power_ctrl.o
      2088         22          0          0         64      17121   queue.o
       348         24          0          0          0       1750   rc.o
        44         10          0          4         22       1078   rc_task.o
       474         32          0          2         94       4491   remote_control.o
      1680        142          0         65        304      10783   shoot_behaviour.o
        44          6          0          0          0        541   shoot_task.o
       604         36          0          0          0       2647   spi.o
       500        236          0         44          0       1671   start_task.o
        52         14        428          0       1024        900   startup_stm32f427xx.o
       424         34          0          0          0       6897   stm32f4xx_adc.o
      1566         16          0          0          0       6654   stm32f4xx_can.o
       124         18          0          0          0       2543   stm32f4xx_dac.o
       782         68          0          0          0       9722   stm32f4xx_dma.o
       184         16          0          0          0       2204   stm32f4xx_exti.o
       402         40          0          0          0       4693   stm32f4xx_flash.o
       222          0          0          0          0       3003   stm32f4xx_gpio.o
        20          0          0          0          0     359989   stm32f4xx_it.o
       392         48          0         16          0       6025   stm32f4xx_rcc.o
       130          0          0          0          0       4275   stm32f4xx_spi.o
        64          4          0          0          0        676   stm32f4xx_syscfg.o
       758         56          0          0          0      10907   stm32f4xx_tim.o
       744         42          0          0          0       8303   stm32f4xx_usart.o
       392         32          0         20          0     330845   system_stm32f4xx.o
      3866        474          0         60        740      29050   tasks.o
       220         10          0          0          0        836   timer.o
      1138        116          0         20         40      17367   timers.o
       444         22          0          0          0       3198   uart_vofa.o
       616         22          0          1       1032       4053   ui_behaviour.o
      1328        112          0          2          0       1117   ui_send_task.o
       616         52          0         12         14     262350   usart6_vision.o
       336         18          0          0          0       7019   usart_judge.o
        60          4          0          0          0        622   user_lib.o
       480         30          0          4          0      28823   user_task.o
       408         40          0         16          0       1714   vision_behaviour.o
       266         40          0         28         60       4271   vofa_task.o

    ----------------------------------------------------------------------
     45326       3514       1336        848     136844    1345906   Object Totals
         0          0         32          0          0          0   (incl. Generated)
        64          0          1         19         11          0   (incl. Padding)

    ----------------------------------------------------------------------

      Code (inc. data)   RO Data    RW Data    ZI Data      Debug   Library Member Name

      2718         84         12         16          0       9922   ahrs.o
         0          0       2052          0          0       4636   arm_common_tables.o
       120         12          0          0          0      17018   arm_cos_f32.o
       132         14          0          0          0        750   arm_sin_f32.o
       864         94         80          0          0        280   asin.o
       300         42          0          0          0        176   asinf.o
       744        106        152          0          0        352   atan.o
       496         64          0          0          0        192   atan2.o
       592         90          0          0          0        184   atan2f.o
       104         16          0          0          0        496   dunder.o
        24          0          0          0          0        124   fabs.o
        48          0          0          0          0        124   fpclassify.o
        38          0          0          0          0        116   fpclassifyf.o
        44         12          0          0          0        464   funder.o
       248          0          0          0          0        152   poly.o
         0          0          8          0          0          0   qnan.o
       110          0          0          0          0        148   sqrt_full.o
        62          0          0          0          0        136   sqrtf_full.o
        86          0          0          0          0          0   __dczerorl2.o
         0          0          0          0          0          0   entry.o
         0          0          0          0          0          0   entry10a.o
         0          0          0          0          0          0   entry11a.o
         8          4          0          0          0          0   entry2.o
         4          0          0          0          0          0   entry5.o
         0          0          0          0          0          0   entry7b.o
         0          0          0          0          0          0   entry8b.o
         8          4          0          0          0          0   entry9a.o
        12          6          0          4          0         68   errno.o
        30          0          0          0          0          0   handlers.o
        36          8          0          0          0         68   init.o
         0          0          0          0          0          0   iusefp.o
        30          0          0          0          0         68   llshl.o
        36          0          0          0          0         68   llsshr.o
        32          0          0          0          0         68   llushr.o
        36          0          0          0          0         68   memcpya.o
        36          0          0          0          0        108   memseta.o
        14          0          0          0          0         68   strlen.o
        56          0          0          0          0         88   d2f.o
       334          0          0          0          0        148   dadd.o
       222          0          0          0          0        100   ddiv.o
       186          0          0          0          0        176   depilogue.o
        50          0          0          0          0         76   dfixui.o
        26          0          0          0          0         76   dfltui.o
       228          0          0          0          0         96   dmul.o
       162          0          0          0          0        100   dsqrt.o
        38          0          0          0          0         68   f2d.o
       110          0          0          0          0        168   fepilogue.o

    ----------------------------------------------------------------------
      8442        560       2304         20          0      36950   Library Totals
        18          4          0          0          0          0   (incl. Padding)

    ----------------------------------------------------------------------

      Code (inc. data)   RO Data    RW Data    ZI Data      Debug   Library Name

      2718         84         12         16          0       9922   AHRS.lib
       252         26       2052          0          0      22404   arm_cortexM4lf_math.lib
      3674        424        240          0          0       2944   m_wm.l
       368         22          0          4          0        584   mc_w.l
      1412          0          0          0          0       1096   mf_w.l

    ----------------------------------------------------------------------
      8442        560       2304         20          0      36950   Library Totals

    ----------------------------------------------------------------------

==============================================================================


      Code (inc. data)   RO Data    RW Data    ZI Data      Debug   

     53768       4074       3640        868     136844    1343460   Grand Totals
     53768       4074       3640        264     136844    1343460   ELF Image Totals (compressed)
     53768       4074       3640        264          0          0   ROM Totals

==============================================================================

    Total RO  Size (Code + RO Data)                57408 (  56.06kB)
    Total RW  Size (RW Data + ZI Data)            137712 ( 134.48kB)
    Total ROM Size (Code + RO Data + RW Data)      57672 (  56.32kB)

==============================================================================

